<?xml version="1.0" encoding="ISO-8859-1" ?>
<link_info>
   <banner>TI ARM Linker PC v20.2.7.LTS</banner>
   <copyright>Copyright (c) 1996-2018 Texas Instruments Incorporated</copyright>
   <link_time>0x660801ab</link_time>
   <link_errors>0x0</link_errors>
   <output_file>test.out</output_file>
   <entry_point>
      <name>_c_int00</name>
      <address>0x4464</address>
   </entry_point>
   <input_file_list>
      <input_file id="fl-2">
         <path>.\</path>
         <kind>object</kind>
         <file>main.obj</file>
         <name>main.obj</name>
      </input_file>
      <input_file id="fl-5">
         <kind>object</kind>
         <file>&lt;internal&gt;</file>
         <name>&lt;internal&gt;</name>
      </input_file>
      <input_file id="fl-bb">
         <path>C:\ti\ccs1250\ccs\tools\compiler\ti-cgt-arm_20.2.7.LTS\lib\</path>
         <kind>archive</kind>
         <file>rtsv4_A_be_eabi.lib</file>
         <name>printf.c.obj</name>
      </input_file>
      <input_file id="fl-bc">
         <path>C:\ti\ccs1250\ccs\tools\compiler\ti-cgt-arm_20.2.7.LTS\lib\</path>
         <kind>archive</kind>
         <file>rtsv4_A_be_eabi.lib</file>
         <name>_printfi.c.obj</name>
      </input_file>
      <input_file id="fl-bd">
         <path>C:\ti\ccs1250\ccs\tools\compiler\ti-cgt-arm_20.2.7.LTS\lib\</path>
         <kind>archive</kind>
         <file>rtsv4_A_be_eabi.lib</file>
         <name>fputc.c.obj</name>
      </input_file>
      <input_file id="fl-be">
         <path>C:\ti\ccs1250\ccs\tools\compiler\ti-cgt-arm_20.2.7.LTS\lib\</path>
         <kind>archive</kind>
         <file>rtsv4_A_be_eabi.lib</file>
         <name>fputs.c.obj</name>
      </input_file>
      <input_file id="fl-bf">
         <path>C:\ti\ccs1250\ccs\tools\compiler\ti-cgt-arm_20.2.7.LTS\lib\</path>
         <kind>archive</kind>
         <file>rtsv4_A_be_eabi.lib</file>
         <name>_io_perm.c.obj</name>
      </input_file>
      <input_file id="fl-c0">
         <path>C:\ti\ccs1250\ccs\tools\compiler\ti-cgt-arm_20.2.7.LTS\lib\</path>
         <kind>archive</kind>
         <file>rtsv4_A_be_eabi.lib</file>
         <name>setvbuf.c.obj</name>
      </input_file>
      <input_file id="fl-c1">
         <path>C:\ti\ccs1250\ccs\tools\compiler\ti-cgt-arm_20.2.7.LTS\lib\</path>
         <kind>archive</kind>
         <file>rtsv4_A_be_eabi.lib</file>
         <name>s_frexp.c.obj</name>
      </input_file>
      <input_file id="fl-c2">
         <path>C:\ti\ccs1250\ccs\tools\compiler\ti-cgt-arm_20.2.7.LTS\lib\</path>
         <kind>archive</kind>
         <file>rtsv4_A_be_eabi.lib</file>
         <name>s_scalbn.c.obj</name>
      </input_file>
      <input_file id="fl-c3">
         <path>C:\ti\ccs1250\ccs\tools\compiler\ti-cgt-arm_20.2.7.LTS\lib\</path>
         <kind>archive</kind>
         <file>rtsv4_A_be_eabi.lib</file>
         <name>wcslen.c.obj</name>
      </input_file>
      <input_file id="fl-c4">
         <path>C:\ti\ccs1250\ccs\tools\compiler\ti-cgt-arm_20.2.7.LTS\lib\</path>
         <kind>archive</kind>
         <file>rtsv4_A_be_eabi.lib</file>
         <name>fd_add32.asm.obj</name>
      </input_file>
      <input_file id="fl-c5">
         <path>C:\ti\ccs1250\ccs\tools\compiler\ti-cgt-arm_20.2.7.LTS\lib\</path>
         <kind>archive</kind>
         <file>rtsv4_A_be_eabi.lib</file>
         <name>fd_cmp32.asm.obj</name>
      </input_file>
      <input_file id="fl-c6">
         <path>C:\ti\ccs1250\ccs\tools\compiler\ti-cgt-arm_20.2.7.LTS\lib\</path>
         <kind>archive</kind>
         <file>rtsv4_A_be_eabi.lib</file>
         <name>fd_div32.asm.obj</name>
      </input_file>
      <input_file id="fl-c7">
         <path>C:\ti\ccs1250\ccs\tools\compiler\ti-cgt-arm_20.2.7.LTS\lib\</path>
         <kind>archive</kind>
         <file>rtsv4_A_be_eabi.lib</file>
         <name>fd_mul32.asm.obj</name>
      </input_file>
      <input_file id="fl-c8">
         <path>C:\ti\ccs1250\ccs\tools\compiler\ti-cgt-arm_20.2.7.LTS\lib\</path>
         <kind>archive</kind>
         <file>rtsv4_A_be_eabi.lib</file>
         <name>fd_toi32.asm.obj</name>
      </input_file>
      <input_file id="fl-c9">
         <path>C:\ti\ccs1250\ccs\tools\compiler\ti-cgt-arm_20.2.7.LTS\lib\</path>
         <kind>archive</kind>
         <file>rtsv4_A_be_eabi.lib</file>
         <name>i_tofd32.asm.obj</name>
      </input_file>
      <input_file id="fl-ca">
         <path>C:\ti\ccs1250\ccs\tools\compiler\ti-cgt-arm_20.2.7.LTS\lib\</path>
         <kind>archive</kind>
         <file>rtsv4_A_be_eabi.lib</file>
         <name>memcpy32.asm.obj</name>
      </input_file>
      <input_file id="fl-cb">
         <path>C:\ti\ccs1250\ccs\tools\compiler\ti-cgt-arm_20.2.7.LTS\lib\</path>
         <kind>archive</kind>
         <file>rtsv4_A_be_eabi.lib</file>
         <name>ull_div32.asm.obj</name>
      </input_file>
      <input_file id="fl-cc">
         <path>C:\ti\ccs1250\ccs\tools\compiler\ti-cgt-arm_20.2.7.LTS\lib\</path>
         <kind>archive</kind>
         <file>rtsv4_A_be_eabi.lib</file>
         <name>memset32.asm.obj</name>
      </input_file>
      <input_file id="fl-cd">
         <path>C:\ti\ccs1250\ccs\tools\compiler\ti-cgt-arm_20.2.7.LTS\lib\</path>
         <kind>archive</kind>
         <file>rtsv4_A_be_eabi.lib</file>
         <name>u_div32.asm.obj</name>
      </input_file>
      <input_file id="fl-ce">
         <path>C:\ti\ccs1250\ccs\tools\compiler\ti-cgt-arm_20.2.7.LTS\lib\</path>
         <kind>archive</kind>
         <file>rtsv4_A_be_eabi.lib</file>
         <name>boot_non_cortex_m.asm.obj</name>
      </input_file>
      <input_file id="fl-cf">
         <path>C:\ti\ccs1250\ccs\tools\compiler\ti-cgt-arm_20.2.7.LTS\lib\</path>
         <kind>archive</kind>
         <file>rtsv4_A_be_eabi.lib</file>
         <name>mpu_init.c.obj</name>
      </input_file>
      <input_file id="fl-d0">
         <path>C:\ti\ccs1250\ccs\tools\compiler\ti-cgt-arm_20.2.7.LTS\lib\</path>
         <kind>archive</kind>
         <file>rtsv4_A_be_eabi.lib</file>
         <name>autoinit.c.obj</name>
      </input_file>
      <input_file id="fl-d1">
         <path>C:\ti\ccs1250\ccs\tools\compiler\ti-cgt-arm_20.2.7.LTS\lib\</path>
         <kind>archive</kind>
         <file>rtsv4_A_be_eabi.lib</file>
         <name>pre_init.c.obj</name>
      </input_file>
      <input_file id="fl-d2">
         <path>C:\ti\ccs1250\ccs\tools\compiler\ti-cgt-arm_20.2.7.LTS\lib\</path>
         <kind>archive</kind>
         <file>rtsv4_A_be_eabi.lib</file>
         <name>cpy_tbl.c.obj</name>
      </input_file>
      <input_file id="fl-d3">
         <path>C:\ti\ccs1250\ccs\tools\compiler\ti-cgt-arm_20.2.7.LTS\lib\</path>
         <kind>archive</kind>
         <file>rtsv4_A_be_eabi.lib</file>
         <name>copy_zero_init.c.obj</name>
      </input_file>
      <input_file id="fl-d4">
         <path>C:\ti\ccs1250\ccs\tools\compiler\ti-cgt-arm_20.2.7.LTS\lib\</path>
         <kind>archive</kind>
         <file>rtsv4_A_be_eabi.lib</file>
         <name>copy_decompress_none.c.obj</name>
      </input_file>
      <input_file id="fl-d5">
         <path>C:\ti\ccs1250\ccs\tools\compiler\ti-cgt-arm_20.2.7.LTS\lib\</path>
         <kind>archive</kind>
         <file>rtsv4_A_be_eabi.lib</file>
         <name>copy_decompress_lzss.c.obj</name>
      </input_file>
      <input_file id="fl-d6">
         <path>C:\ti\ccs1250\ccs\tools\compiler\ti-cgt-arm_20.2.7.LTS\lib\</path>
         <kind>archive</kind>
         <file>rtsv4_A_be_eabi.lib</file>
         <name>exit.c.obj</name>
      </input_file>
      <input_file id="fl-d7">
         <path>C:\ti\ccs1250\ccs\tools\compiler\ti-cgt-arm_20.2.7.LTS\lib\</path>
         <kind>archive</kind>
         <file>rtsv4_A_be_eabi.lib</file>
         <name>_lock.c.obj</name>
      </input_file>
      <input_file id="fl-d8">
         <path>C:\ti\ccs1250\ccs\tools\compiler\ti-cgt-arm_20.2.7.LTS\lib\</path>
         <kind>archive</kind>
         <file>rtsv4_A_be_eabi.lib</file>
         <name>_ltoa.c.obj</name>
      </input_file>
      <input_file id="fl-d9">
         <path>C:\ti\ccs1250\ccs\tools\compiler\ti-cgt-arm_20.2.7.LTS\lib\</path>
         <kind>archive</kind>
         <file>rtsv4_A_be_eabi.lib</file>
         <name>args_main.c.obj</name>
      </input_file>
      <input_file id="fl-da">
         <path>C:\ti\ccs1250\ccs\tools\compiler\ti-cgt-arm_20.2.7.LTS\lib\</path>
         <kind>archive</kind>
         <file>rtsv4_A_be_eabi.lib</file>
         <name>atoi.c.obj</name>
      </input_file>
      <input_file id="fl-db">
         <path>C:\ti\ccs1250\ccs\tools\compiler\ti-cgt-arm_20.2.7.LTS\lib\</path>
         <kind>archive</kind>
         <file>rtsv4_A_be_eabi.lib</file>
         <name>ctype.c.obj</name>
      </input_file>
      <input_file id="fl-dc">
         <path>C:\ti\ccs1250\ccs\tools\compiler\ti-cgt-arm_20.2.7.LTS\lib\</path>
         <kind>archive</kind>
         <file>rtsv4_A_be_eabi.lib</file>
         <name>defs.c.obj</name>
      </input_file>
      <input_file id="fl-dd">
         <path>C:\ti\ccs1250\ccs\tools\compiler\ti-cgt-arm_20.2.7.LTS\lib\</path>
         <kind>archive</kind>
         <file>rtsv4_A_be_eabi.lib</file>
         <name>memccpy.c.obj</name>
      </input_file>
      <input_file id="fl-de">
         <path>C:\ti\ccs1250\ccs\tools\compiler\ti-cgt-arm_20.2.7.LTS\lib\</path>
         <kind>archive</kind>
         <file>rtsv4_A_be_eabi.lib</file>
         <name>memchr.c.obj</name>
      </input_file>
      <input_file id="fl-df">
         <path>C:\ti\ccs1250\ccs\tools\compiler\ti-cgt-arm_20.2.7.LTS\lib\</path>
         <kind>archive</kind>
         <file>rtsv4_A_be_eabi.lib</file>
         <name>memory.c.obj</name>
      </input_file>
      <input_file id="fl-e0">
         <path>C:\ti\ccs1250\ccs\tools\compiler\ti-cgt-arm_20.2.7.LTS\lib\</path>
         <kind>archive</kind>
         <file>rtsv4_A_be_eabi.lib</file>
         <name>strchr.c.obj</name>
      </input_file>
      <input_file id="fl-e1">
         <path>C:\ti\ccs1250\ccs\tools\compiler\ti-cgt-arm_20.2.7.LTS\lib\</path>
         <kind>archive</kind>
         <file>rtsv4_A_be_eabi.lib</file>
         <name>strlen.c.obj</name>
      </input_file>
      <input_file id="fl-e2">
         <path>C:\ti\ccs1250\ccs\tools\compiler\ti-cgt-arm_20.2.7.LTS\lib\</path>
         <kind>archive</kind>
         <file>rtsv4_A_be_eabi.lib</file>
         <name>write.c.obj</name>
      </input_file>
      <input_file id="fl-e3">
         <path>C:\ti\ccs1250\ccs\tools\compiler\ti-cgt-arm_20.2.7.LTS\lib\</path>
         <kind>archive</kind>
         <file>rtsv4_A_be_eabi.lib</file>
         <name>host_device.c.obj</name>
      </input_file>
      <input_file id="fl-e4">
         <path>C:\ti\ccs1250\ccs\tools\compiler\ti-cgt-arm_20.2.7.LTS\lib\</path>
         <kind>archive</kind>
         <file>rtsv4_A_be_eabi.lib</file>
         <name>errno.c.obj</name>
      </input_file>
      <input_file id="fl-e5">
         <path>C:\ti\ccs1250\ccs\tools\compiler\ti-cgt-arm_20.2.7.LTS\lib\</path>
         <kind>archive</kind>
         <file>rtsv4_A_be_eabi.lib</file>
         <name>fflush.c.obj</name>
      </input_file>
      <input_file id="fl-e6">
         <path>C:\ti\ccs1250\ccs\tools\compiler\ti-cgt-arm_20.2.7.LTS\lib\</path>
         <kind>archive</kind>
         <file>rtsv4_A_be_eabi.lib</file>
         <name>fopen.c.obj</name>
      </input_file>
      <input_file id="fl-e7">
         <path>C:\ti\ccs1250\ccs\tools\compiler\ti-cgt-arm_20.2.7.LTS\lib\</path>
         <kind>archive</kind>
         <file>rtsv4_A_be_eabi.lib</file>
         <name>fseek.c.obj</name>
      </input_file>
      <input_file id="fl-e8">
         <path>C:\ti\ccs1250\ccs\tools\compiler\ti-cgt-arm_20.2.7.LTS\lib\</path>
         <kind>archive</kind>
         <file>rtsv4_A_be_eabi.lib</file>
         <name>s_copysign.c.obj</name>
      </input_file>
      <input_file id="fl-e9">
         <path>C:\ti\ccs1250\ccs\tools\compiler\ti-cgt-arm_20.2.7.LTS\lib\</path>
         <kind>archive</kind>
         <file>rtsv4_A_be_eabi.lib</file>
         <name>div0.asm.obj</name>
      </input_file>
      <input_file id="fl-ea">
         <path>C:\ti\ccs1250\ccs\tools\compiler\ti-cgt-arm_20.2.7.LTS\lib\</path>
         <kind>archive</kind>
         <file>rtsv4_A_be_eabi.lib</file>
         <name>i_div32.asm.obj</name>
      </input_file>
      <input_file id="fl-eb">
         <path>C:\ti\ccs1250\ccs\tools\compiler\ti-cgt-arm_20.2.7.LTS\lib\</path>
         <kind>archive</kind>
         <file>rtsv4_A_be_eabi.lib</file>
         <name>hostclose.c.obj</name>
      </input_file>
      <input_file id="fl-ec">
         <path>C:\ti\ccs1250\ccs\tools\compiler\ti-cgt-arm_20.2.7.LTS\lib\</path>
         <kind>archive</kind>
         <file>rtsv4_A_be_eabi.lib</file>
         <name>hostlseek.c.obj</name>
      </input_file>
      <input_file id="fl-ed">
         <path>C:\ti\ccs1250\ccs\tools\compiler\ti-cgt-arm_20.2.7.LTS\lib\</path>
         <kind>archive</kind>
         <file>rtsv4_A_be_eabi.lib</file>
         <name>hostopen.c.obj</name>
      </input_file>
      <input_file id="fl-ee">
         <path>C:\ti\ccs1250\ccs\tools\compiler\ti-cgt-arm_20.2.7.LTS\lib\</path>
         <kind>archive</kind>
         <file>rtsv4_A_be_eabi.lib</file>
         <name>hostread.c.obj</name>
      </input_file>
      <input_file id="fl-ef">
         <path>C:\ti\ccs1250\ccs\tools\compiler\ti-cgt-arm_20.2.7.LTS\lib\</path>
         <kind>archive</kind>
         <file>rtsv4_A_be_eabi.lib</file>
         <name>hostrename.c.obj</name>
      </input_file>
      <input_file id="fl-f0">
         <path>C:\ti\ccs1250\ccs\tools\compiler\ti-cgt-arm_20.2.7.LTS\lib\</path>
         <kind>archive</kind>
         <file>rtsv4_A_be_eabi.lib</file>
         <name>hostunlink.c.obj</name>
      </input_file>
      <input_file id="fl-f1">
         <path>C:\ti\ccs1250\ccs\tools\compiler\ti-cgt-arm_20.2.7.LTS\lib\</path>
         <kind>archive</kind>
         <file>rtsv4_A_be_eabi.lib</file>
         <name>hostwrite.c.obj</name>
      </input_file>
      <input_file id="fl-f2">
         <path>C:\ti\ccs1250\ccs\tools\compiler\ti-cgt-arm_20.2.7.LTS\lib\</path>
         <kind>archive</kind>
         <file>rtsv4_A_be_eabi.lib</file>
         <name>trgmsg.c.obj</name>
      </input_file>
      <input_file id="fl-f3">
         <path>C:\ti\ccs1250\ccs\tools\compiler\ti-cgt-arm_20.2.7.LTS\lib\</path>
         <kind>archive</kind>
         <file>rtsv4_A_be_eabi.lib</file>
         <name>open.c.obj</name>
      </input_file>
      <input_file id="fl-f4">
         <path>C:\ti\ccs1250\ccs\tools\compiler\ti-cgt-arm_20.2.7.LTS\lib\</path>
         <kind>archive</kind>
         <file>rtsv4_A_be_eabi.lib</file>
         <name>lseek.c.obj</name>
      </input_file>
      <input_file id="fl-f5">
         <path>C:\ti\ccs1250\ccs\tools\compiler\ti-cgt-arm_20.2.7.LTS\lib\</path>
         <kind>archive</kind>
         <file>rtsv4_A_be_eabi.lib</file>
         <name>fclose.c.obj</name>
      </input_file>
      <input_file id="fl-f6">
         <path>C:\ti\ccs1250\ccs\tools\compiler\ti-cgt-arm_20.2.7.LTS\lib\</path>
         <kind>archive</kind>
         <file>rtsv4_A_be_eabi.lib</file>
         <name>getdevice.c.obj</name>
      </input_file>
      <input_file id="fl-f7">
         <path>C:\ti\ccs1250\ccs\tools\compiler\ti-cgt-arm_20.2.7.LTS\lib\</path>
         <kind>archive</kind>
         <file>rtsv4_A_be_eabi.lib</file>
         <name>strcmp.c.obj</name>
      </input_file>
      <input_file id="fl-f8">
         <path>C:\ti\ccs1250\ccs\tools\compiler\ti-cgt-arm_20.2.7.LTS\lib\</path>
         <kind>archive</kind>
         <file>rtsv4_A_be_eabi.lib</file>
         <name>strcpy.c.obj</name>
      </input_file>
      <input_file id="fl-f9">
         <path>C:\ti\ccs1250\ccs\tools\compiler\ti-cgt-arm_20.2.7.LTS\lib\</path>
         <kind>archive</kind>
         <file>rtsv4_A_be_eabi.lib</file>
         <name>strncpy.c.obj</name>
      </input_file>
      <input_file id="fl-fa">
         <path>C:\ti\ccs1250\ccs\tools\compiler\ti-cgt-arm_20.2.7.LTS\lib\</path>
         <kind>archive</kind>
         <file>rtsv4_A_be_eabi.lib</file>
         <name>remove.c.obj</name>
      </input_file>
      <input_file id="fl-fb">
         <path>C:\ti\ccs1250\ccs\tools\compiler\ti-cgt-arm_20.2.7.LTS\lib\</path>
         <kind>archive</kind>
         <file>rtsv4_A_be_eabi.lib</file>
         <name>close.c.obj</name>
      </input_file>
      <input_file id="fl-fc">
         <path>C:\ti\ccs1250\ccs\tools\compiler\ti-cgt-arm_20.2.7.LTS\lib\</path>
         <kind>archive</kind>
         <file>rtsv4_A_be_eabi.lib</file>
         <name>unlink.c.obj</name>
      </input_file>
   </input_file_list>
   <object_component_list>
      <object_component id="oc-10e">
         <name>.text:__TI_printfi</name>
         <load_address>0x20</load_address>
         <run_address>0x20</run_address>
         <size>0x1048</size>
         <input_file_ref idref="fl-bc"/>
      </object_component>
      <object_component id="oc-168">
         <name>.text:_pconv_a</name>
         <load_address>0x1068</load_address>
         <run_address>0x1068</run_address>
         <size>0x35c</size>
         <input_file_ref idref="fl-bc"/>
      </object_component>
      <object_component id="oc-1b9">
         <name>.text</name>
         <load_address>0x13c4</load_address>
         <run_address>0x13c4</run_address>
         <size>0x2bc</size>
         <input_file_ref idref="fl-cb"/>
      </object_component>
      <object_component id="oc-156">
         <name>.text:_pconv_g</name>
         <load_address>0x1680</load_address>
         <run_address>0x1680</run_address>
         <size>0x2b0</size>
         <input_file_ref idref="fl-bc"/>
      </object_component>
      <object_component id="oc-1e3">
         <name>.text</name>
         <load_address>0x1930</load_address>
         <run_address>0x1930</run_address>
         <size>0x234</size>
         <input_file_ref idref="fl-c4"/>
      </object_component>
      <object_component id="oc-195">
         <name>.text:fputs</name>
         <load_address>0x1b64</load_address>
         <run_address>0x1b64</run_address>
         <size>0x1d0</size>
         <input_file_ref idref="fl-be"/>
      </object_component>
      <object_component id="oc-162">
         <name>.text:_pconv_e</name>
         <load_address>0x1d34</load_address>
         <run_address>0x1d34</run_address>
         <size>0x1b8</size>
         <input_file_ref idref="fl-bc"/>
      </object_component>
      <object_component id="oc-1f5">
         <name>.text:fcvt</name>
         <load_address>0x1eec</load_address>
         <run_address>0x1eec</run_address>
         <size>0x1b0</size>
         <input_file_ref idref="fl-bc"/>
      </object_component>
      <object_component id="oc-315">
         <name>.text:aligned_alloc</name>
         <load_address>0x209c</load_address>
         <run_address>0x209c</run_address>
         <size>0x1a4</size>
         <input_file_ref idref="fl-df"/>
      </object_component>
      <object_component id="oc-1c9">
         <name>.text</name>
         <load_address>0x2240</load_address>
         <run_address>0x2240</run_address>
         <size>0x1a4</size>
         <input_file_ref idref="fl-c6"/>
      </object_component>
      <object_component id="oc-27">
         <name>.text</name>
         <load_address>0x23e4</load_address>
         <run_address>0x23e4</run_address>
         <size>0x1a0</size>
         <input_file_ref idref="fl-ca"/>
      </object_component>
      <object_component id="oc-2d3">
         <name>.text:free</name>
         <load_address>0x2584</load_address>
         <run_address>0x2584</run_address>
         <size>0x190</size>
         <input_file_ref idref="fl-df"/>
      </object_component>
      <object_component id="oc-29d">
         <name>.text:setvbuf</name>
         <load_address>0x2714</load_address>
         <run_address>0x2714</run_address>
         <size>0x178</size>
         <input_file_ref idref="fl-c0"/>
      </object_component>
      <object_component id="oc-209">
         <name>.text:scalbn</name>
         <load_address>0x288c</load_address>
         <run_address>0x288c</run_address>
         <size>0x144</size>
         <input_file_ref idref="fl-c2"/>
      </object_component>
      <object_component id="oc-1c4">
         <name>.text</name>
         <load_address>0x29d0</load_address>
         <run_address>0x29d0</run_address>
         <size>0x13c</size>
         <input_file_ref idref="fl-c7"/>
      </object_component>
      <object_component id="oc-19c">
         <name>.text:fputc</name>
         <load_address>0x2b0c</load_address>
         <run_address>0x2b0c</run_address>
         <size>0x11c</size>
         <input_file_ref idref="fl-bd"/>
      </object_component>
      <object_component id="oc-150">
         <name>.text:_ltostr</name>
         <load_address>0x2c28</load_address>
         <run_address>0x2c28</run_address>
         <size>0x115</size>
         <input_file_ref idref="fl-bc"/>
      </object_component>
      <object_component id="oc-267">
         <name>.text</name>
         <load_address>0x2d40</load_address>
         <run_address>0x2d40</run_address>
         <size>0x114</size>
         <input_file_ref idref="fl-ea"/>
      </object_component>
      <object_component id="oc-1be">
         <name>.text</name>
         <load_address>0x2e54</load_address>
         <run_address>0x2e54</run_address>
         <size>0xf0</size>
         <input_file_ref idref="fl-cd"/>
      </object_component>
      <object_component id="oc-16e">
         <name>.text:__aeabi_cdcmple</name>
         <load_address>0x2f44</load_address>
         <run_address>0x2f44</run_address>
         <size>0xe4</size>
         <input_file_ref idref="fl-c5"/>
      </object_component>
      <object_component id="oc-1ce">
         <name>.text:__aeabi_cdrcmple</name>
         <load_address>0x3028</load_address>
         <run_address>0x3028</run_address>
         <size>0xe4</size>
         <input_file_ref idref="fl-c5"/>
      </object_component>
      <object_component id="oc-1ee">
         <name>.text:_mcpy</name>
         <load_address>0x310c</load_address>
         <run_address>0x310c</run_address>
         <size>0xcc</size>
         <input_file_ref idref="fl-bc"/>
      </object_component>
      <object_component id="oc-31c">
         <name>.text:__TI_closefile</name>
         <load_address>0x31d8</load_address>
         <run_address>0x31d8</run_address>
         <size>0xc4</size>
         <input_file_ref idref="fl-f5"/>
      </object_component>
      <object_component id="oc-340">
         <name>.text:HOSTlseek</name>
         <load_address>0x329c</load_address>
         <run_address>0x329c</run_address>
         <size>0xbc</size>
         <input_file_ref idref="fl-ec"/>
      </object_component>
      <object_component id="oc-297">
         <name>.text:fseek</name>
         <load_address>0x3358</load_address>
         <run_address>0x3358</run_address>
         <size>0xb8</size>
         <input_file_ref idref="fl-e7"/>
      </object_component>
      <object_component id="oc-34c">
         <name>.text:HOSTrename</name>
         <load_address>0x3410</load_address>
         <run_address>0x3410</run_address>
         <size>0xb4</size>
         <input_file_ref idref="fl-ef"/>
      </object_component>
      <object_component id="oc-364">
         <name>.text:close</name>
         <load_address>0x34c4</load_address>
         <run_address>0x34c4</run_address>
         <size>0xb0</size>
         <input_file_ref idref="fl-fb"/>
      </object_component>
      <object_component id="oc-6d">
         <name>.text</name>
         <load_address>0x3574</load_address>
         <run_address>0x3574</run_address>
         <size>0xb0</size>
         <input_file_ref idref="fl-cc"/>
      </object_component>
      <object_component id="oc-35d">
         <name>.text:split</name>
         <load_address>0x3624</load_address>
         <run_address>0x3624</run_address>
         <size>0xb0</size>
         <input_file_ref idref="fl-df"/>
      </object_component>
      <object_component id="oc-328">
         <name>.text:HOSTopen</name>
         <load_address>0x36d4</load_address>
         <run_address>0x36d4</run_address>
         <size>0xa8</size>
         <input_file_ref idref="fl-ed"/>
      </object_component>
      <object_component id="oc-e3">
         <name>.text:printf</name>
         <load_address>0x377c</load_address>
         <run_address>0x377c</run_address>
         <size>0xa8</size>
         <input_file_ref idref="fl-bb"/>
      </object_component>
      <object_component id="oc-238">
         <name>.text:__TI_wrt_ok</name>
         <load_address>0x3824</load_address>
         <run_address>0x3824</run_address>
         <size>0xa4</size>
         <input_file_ref idref="fl-bf"/>
      </object_component>
      <object_component id="oc-334">
         <name>.text:HOSTread</name>
         <load_address>0x38c8</load_address>
         <run_address>0x38c8</run_address>
         <size>0xa0</size>
         <input_file_ref idref="fl-ee"/>
      </object_component>
      <object_component id="oc-33a">
         <name>.text:HOSTwrite</name>
         <load_address>0x3968</load_address>
         <run_address>0x3968</run_address>
         <size>0xa0</size>
         <input_file_ref idref="fl-f1"/>
      </object_component>
      <object_component id="oc-1e8">
         <name>.text:_ecpy</name>
         <load_address>0x3a08</load_address>
         <run_address>0x3a08</run_address>
         <size>0xa0</size>
         <input_file_ref idref="fl-bc"/>
      </object_component>
      <object_component id="oc-6">
         <name>.text:decompress:lzss:__TI_decompress_lzss</name>
         <load_address>0x3aa8</load_address>
         <run_address>0x3aa8</run_address>
         <size>0xa0</size>
         <input_file_ref idref="fl-d5"/>
      </object_component>
      <object_component id="oc-b3">
         <name>.text:exit</name>
         <load_address>0x3b48</load_address>
         <run_address>0x3b48</run_address>
         <size>0x94</size>
         <input_file_ref idref="fl-d6"/>
      </object_component>
      <object_component id="oc-244">
         <name>.text:__TI_doflush</name>
         <load_address>0x3bdc</load_address>
         <run_address>0x3bdc</run_address>
         <size>0x88</size>
         <input_file_ref idref="fl-e5"/>
      </object_component>
      <object_component id="oc-15c">
         <name>.text:_pconv_f</name>
         <load_address>0x3c64</load_address>
         <run_address>0x3c64</run_address>
         <size>0x88</size>
         <input_file_ref idref="fl-bc"/>
      </object_component>
      <object_component id="oc-14a">
         <name>.text:atoi</name>
         <load_address>0x3cec</load_address>
         <run_address>0x3cec</run_address>
         <size>0x88</size>
         <input_file_ref idref="fl-da"/>
      </object_component>
      <object_component id="oc-32e">
         <name>.text:HOSTclose</name>
         <load_address>0x3d74</load_address>
         <run_address>0x3d74</run_address>
         <size>0x84</size>
         <input_file_ref idref="fl-eb"/>
      </object_component>
      <object_component id="oc-1d8">
         <name>.text:__TI_ltoa</name>
         <load_address>0x3df8</load_address>
         <run_address>0x3df8</run_address>
         <size>0x84</size>
         <input_file_ref idref="fl-d8"/>
      </object_component>
      <object_component id="oc-203">
         <name>.text:frexp</name>
         <load_address>0x3e7c</load_address>
         <run_address>0x3e7c</run_address>
         <size>0x84</size>
         <input_file_ref idref="fl-c1"/>
      </object_component>
      <object_component id="oc-346">
         <name>.text:HOSTunlink</name>
         <load_address>0x3f00</load_address>
         <run_address>0x3f00</run_address>
         <size>0x80</size>
         <input_file_ref idref="fl-f0"/>
      </object_component>
      <object_component id="oc-39c">
         <name>.text:getdevice</name>
         <load_address>0x3f80</load_address>
         <run_address>0x3f80</run_address>
         <size>0x70</size>
         <input_file_ref idref="fl-f6"/>
      </object_component>
      <object_component id="oc-75">
         <name>.text:__TI_auto_init_nobinit_nopinit:__TI_auto_init_nobinit_nopinit</name>
         <load_address>0x3ff0</load_address>
         <run_address>0x3ff0</run_address>
         <size>0x68</size>
         <input_file_ref idref="fl-d0"/>
      </object_component>
      <object_component id="oc-1d3">
         <name>.text</name>
         <load_address>0x4058</load_address>
         <run_address>0x4058</run_address>
         <size>0x68</size>
         <input_file_ref idref="fl-c8"/>
      </object_component>
      <object_component id="oc-1fb">
         <name>.text:_fcpy</name>
         <load_address>0x40c0</load_address>
         <run_address>0x40c0</run_address>
         <size>0x64</size>
         <input_file_ref idref="fl-bc"/>
      </object_component>
      <object_component id="oc-a5">
         <name>.text</name>
         <load_address>0x4124</load_address>
         <run_address>0x4124</run_address>
         <size>0x60</size>
         <input_file_ref idref="fl-2"/>
      </object_component>
      <object_component id="oc-37b">
         <name>.text:__TI_readmsg</name>
         <load_address>0x4184</load_address>
         <run_address>0x4184</run_address>
         <size>0x5c</size>
         <input_file_ref idref="fl-f2"/>
      </object_component>
      <object_component id="oc-36a">
         <name>.text:unlink</name>
         <load_address>0x41e0</load_address>
         <run_address>0x41e0</run_address>
         <size>0x5c</size>
         <input_file_ref idref="fl-fc"/>
      </object_component>
      <object_component id="oc-2df">
         <name>.text:__TI_cleanup</name>
         <load_address>0x423c</load_address>
         <run_address>0x423c</run_address>
         <size>0x58</size>
         <input_file_ref idref="fl-e6"/>
      </object_component>
      <object_component id="oc-375">
         <name>.text:__TI_writemsg</name>
         <load_address>0x4294</load_address>
         <run_address>0x4294</run_address>
         <size>0x58</size>
         <input_file_ref idref="fl-f2"/>
      </object_component>
      <object_component id="oc-3c4">
         <name>.text:finddevice</name>
         <load_address>0x42ec</load_address>
         <run_address>0x42ec</run_address>
         <size>0x58</size>
         <input_file_ref idref="fl-f6"/>
      </object_component>
      <object_component id="oc-2cb">
         <name>.text:lseek</name>
         <load_address>0x4344</load_address>
         <run_address>0x4344</run_address>
         <size>0x4c</size>
         <input_file_ref idref="fl-f4"/>
      </object_component>
      <object_component id="oc-24a">
         <name>.text:write</name>
         <load_address>0x4390</load_address>
         <run_address>0x4390</run_address>
         <size>0x4c</size>
         <input_file_ref idref="fl-e2"/>
      </object_component>
      <object_component id="oc-3be">
         <name>.text:strncpy</name>
         <load_address>0x43dc</load_address>
         <run_address>0x43dc</run_address>
         <size>0x48</size>
         <input_file_ref idref="fl-f9"/>
      </object_component>
      <object_component id="oc-30e">
         <name>.text:free_list_insert</name>
         <load_address>0x4424</load_address>
         <run_address>0x4424</run_address>
         <size>0x40</size>
         <input_file_ref idref="fl-df"/>
      </object_component>
      <object_component id="oc-13">
         <name>.text</name>
         <load_address>0x4464</load_address>
         <run_address>0x4464</run_address>
         <size>0x3c</size>
         <input_file_ref idref="fl-ce"/>
      </object_component>
      <object_component id="oc-1de">
         <name>.text</name>
         <load_address>0x44a0</load_address>
         <run_address>0x44a0</run_address>
         <size>0x3c</size>
         <input_file_ref idref="fl-c9"/>
      </object_component>
      <object_component id="oc-308">
         <name>.text:free_list_remove</name>
         <load_address>0x44dc</load_address>
         <run_address>0x44dc</run_address>
         <size>0x30</size>
         <input_file_ref idref="fl-df"/>
      </object_component>
      <object_component id="oc-173">
         <name>.text:memccpy</name>
         <load_address>0x450c</load_address>
         <run_address>0x450c</run_address>
         <size>0x30</size>
         <input_file_ref idref="fl-dd"/>
      </object_component>
      <object_component id="oc-23e">
         <name>.text:memchr</name>
         <load_address>0x453c</load_address>
         <run_address>0x453c</run_address>
         <size>0x2c</size>
         <input_file_ref idref="fl-de"/>
      </object_component>
      <object_component id="oc-33">
         <name>.text:decompress:ZI:__TI_zero_init_nomemset:__TI_zero_init_nomemset</name>
         <load_address>0x4568</load_address>
         <run_address>0x4568</run_address>
         <size>0x28</size>
         <input_file_ref idref="fl-d3"/>
      </object_component>
      <object_component id="oc-20f">
         <name>.text:strchr</name>
         <load_address>0x4590</load_address>
         <run_address>0x4590</run_address>
         <size>0x28</size>
         <input_file_ref idref="fl-e0"/>
      </object_component>
      <object_component id="oc-3db">
         <name>.text:strcmp</name>
         <load_address>0x45b8</load_address>
         <run_address>0x45b8</run_address>
         <size>0x28</size>
         <input_file_ref idref="fl-f7"/>
      </object_component>
      <object_component id="oc-179">
         <name>.text:wcslen</name>
         <load_address>0x45e0</load_address>
         <run_address>0x45e0</run_address>
         <size>0x24</size>
         <input_file_ref idref="fl-c3"/>
      </object_component>
      <object_component id="oc-4c">
         <name>.text:_args_main</name>
         <load_address>0x4604</load_address>
         <run_address>0x4604</run_address>
         <size>0x20</size>
         <input_file_ref idref="fl-d9"/>
      </object_component>
      <object_component id="oc-38f">
         <name>.text:strcpy</name>
         <load_address>0x4624</load_address>
         <run_address>0x4624</run_address>
         <size>0x1c</size>
         <input_file_ref idref="fl-f8"/>
      </object_component>
      <object_component id="oc-144">
         <name>.text:strlen</name>
         <load_address>0x4640</load_address>
         <run_address>0x4640</run_address>
         <size>0x1c</size>
         <input_file_ref idref="fl-e1"/>
      </object_component>
      <object_component id="oc-c">
         <name>.text:decompress:none:__TI_decompress_none</name>
         <load_address>0x465c</load_address>
         <run_address>0x465c</run_address>
         <size>0x14</size>
         <input_file_ref idref="fl-d4"/>
      </object_component>
      <object_component id="oc-27b">
         <name>.text:copysign</name>
         <load_address>0x4670</load_address>
         <run_address>0x4670</run_address>
         <size>0x10</size>
         <input_file_ref idref="fl-e8"/>
      </object_component>
      <object_component id="oc-17f">
         <name>.text:__aeabi_errno_addr</name>
         <load_address>0x4680</load_address>
         <run_address>0x4680</run_address>
         <size>0xc</size>
         <input_file_ref idref="fl-e4"/>
      </object_component>
      <object_component id="oc-2d9">
         <name>.text:malloc</name>
         <load_address>0x468c</load_address>
         <run_address>0x468c</run_address>
         <size>0xc</size>
         <input_file_ref idref="fl-df"/>
      </object_component>
      <object_component id="oc-45">
         <name>.text:_system_pre_init</name>
         <load_address>0x4698</load_address>
         <run_address>0x4698</run_address>
         <size>0x8</size>
         <input_file_ref idref="fl-d1"/>
      </object_component>
      <object_component id="oc-ad">
         <name>.text:abort:abort</name>
         <load_address>0x46a0</load_address>
         <run_address>0x46a0</run_address>
         <size>0x8</size>
         <input_file_ref idref="fl-d6"/>
      </object_component>
      <object_component id="oc-3f">
         <name>.text:__mpu_init</name>
         <load_address>0x46a8</load_address>
         <run_address>0x46a8</run_address>
         <size>0x4</size>
         <input_file_ref idref="fl-cf"/>
      </object_component>
      <object_component id="oc-12c">
         <name>.text:_nop</name>
         <load_address>0x46ac</load_address>
         <run_address>0x46ac</run_address>
         <size>0x4</size>
         <input_file_ref idref="fl-d7"/>
      </object_component>
      <object_component id="oc-11d">
         <name>.text:_outc</name>
         <load_address>0x46b0</load_address>
         <run_address>0x46b0</run_address>
         <size>0x4</size>
         <input_file_ref idref="fl-bb"/>
      </object_component>
      <object_component id="oc-117">
         <name>.text:_outs</name>
         <load_address>0x46b4</load_address>
         <run_address>0x46b4</run_address>
         <size>0x4</size>
         <input_file_ref idref="fl-bb"/>
      </object_component>
      <object_component id="oc-25c">
         <name>.text</name>
         <load_address>0x46b8</load_address>
         <run_address>0x46b8</run_address>
         <size>0x4</size>
         <input_file_ref idref="fl-e9"/>
      </object_component>
      <object_component id="oc-1b4">
         <name>.const:.string:_ctypes_</name>
         <load_address>0x4a6c</load_address>
         <run_address>0x4a6c</run_address>
         <size>0x101</size>
         <input_file_ref idref="fl-db"/>
      </object_component>
      <object_component id="oc-f2">
         <name>.data:$O1$$</name>
         <load_address>0x4884</load_address>
         <run_address>0x4884</run_address>
         <size>0xc</size>
         <input_file_ref idref="fl-d6"/>
      </object_component>
      <object_component id="oc-f5">
         <name>.data:$O1$$</name>
         <load_address>0x4890</load_address>
         <run_address>0x4890</run_address>
         <size>0x8</size>
         <input_file_ref idref="fl-d7"/>
      </object_component>
      <object_component id="oc-114">
         <name>.data:_ftable</name>
         <load_address>0x46bc</load_address>
         <run_address>0x46bc</run_address>
         <size>0xf0</size>
         <input_file_ref idref="fl-dc"/>
      </object_component>
      <object_component id="oc-322">
         <name>.data</name>
         <load_address>0x4874</load_address>
         <run_address>0x4874</run_address>
         <size>0x10</size>
         <input_file_ref idref="fl-dc"/>
      </object_component>
      <object_component id="oc-358">
         <name>.data:$O1$$</name>
         <load_address>0x4898</load_address>
         <run_address>0x4898</run_address>
         <size>0x8</size>
         <input_file_ref idref="fl-df"/>
      </object_component>
      <object_component id="oc-2f2">
         <name>.data:_device</name>
         <load_address>0x47ac</load_address>
         <run_address>0x47ac</run_address>
         <size>0x78</size>
         <input_file_ref idref="fl-e3"/>
      </object_component>
      <object_component id="oc-2a9">
         <name>.data:_stream</name>
         <load_address>0x4824</load_address>
         <run_address>0x4824</run_address>
         <size>0x50</size>
         <input_file_ref idref="fl-e3"/>
      </object_component>
      <object_component id="oc-220">
         <name>.data</name>
         <load_address>0x48a0</load_address>
         <run_address>0x48a0</run_address>
         <size>0x4</size>
         <input_file_ref idref="fl-e4"/>
      </object_component>
      <object_component id="oc-3a6">
         <name>.bss:_CIOBUF_</name>
         <uninitialized>true</uninitialized>
         <run_address>0x48a4</run_address>
         <size>0x120</size>
         <input_file_ref idref="fl-f2"/>
      </object_component>
      <object_component id="oc-370">
         <name>.common:__TI_tmpnams</name>
         <uninitialized>true</uninitialized>
         <run_address>0x49c4</run_address>
         <size>0xa0</size>
      </object_component>
      <object_component id="oc-381">
         <name>.common:parmbuf</name>
         <uninitialized>true</uninitialized>
         <run_address>0x4a64</run_address>
         <size>0x8</size>
      </object_component>
      <object_component id="oc-418">
         <name>.cinit..data.load</name>
         <load_address>0x5b70</load_address>
         <run_address>0x5b70</run_address>
         <size>0x67</size>
      </object_component>
      <object_component id="oc-416">
         <name>__TI_handler_table</name>
         <load_address>0x5bd8</load_address>
         <run_address>0x5bd8</run_address>
         <size>0xc</size>
      </object_component>
      <object_component id="oc-419">
         <name>.cinit..bss.load</name>
         <load_address>0x5be8</load_address>
         <run_address>0x5be8</run_address>
         <size>0x8</size>
      </object_component>
      <object_component id="oc-417">
         <name>__TI_cinit_table</name>
         <load_address>0x5bf0</load_address>
         <run_address>0x5bf0</run_address>
         <size>0x10</size>
      </object_component>
      <object_component id="oc-254">
         <name>.debug_info</name>
         <load_address>0x0</load_address>
         <run_address>0x0</run_address>
         <size>0x159</size>
         <input_file_ref idref="fl-2"/>
      </object_component>
      <object_component id="oc-a6">
         <name>.debug_info</name>
         <load_address>0x159</load_address>
         <run_address>0x159</run_address>
         <size>0x1a7</size>
         <input_file_ref idref="fl-2"/>
      </object_component>
      <object_component id="oc-2b4">
         <name>.debug_info</name>
         <load_address>0x300</load_address>
         <run_address>0x300</run_address>
         <size>0x26b</size>
         <input_file_ref idref="fl-2"/>
      </object_component>
      <object_component id="oc-22">
         <name>.debug_info</name>
         <load_address>0x56b</load_address>
         <run_address>0x56b</run_address>
         <size>0x84</size>
         <input_file_ref idref="fl-2"/>
      </object_component>
      <object_component id="oc-1aa">
         <name>.debug_info</name>
         <load_address>0x5ef</load_address>
         <run_address>0x5ef</run_address>
         <size>0x2a4</size>
         <input_file_ref idref="fl-2"/>
      </object_component>
      <object_component id="oc-125">
         <name>.debug_info</name>
         <load_address>0x893</load_address>
         <run_address>0x893</run_address>
         <size>0x2c</size>
         <input_file_ref idref="fl-2"/>
      </object_component>
      <object_component id="oc-124">
         <name>.debug_info</name>
         <load_address>0x8bf</load_address>
         <run_address>0x8bf</run_address>
         <size>0x285</size>
         <input_file_ref idref="fl-bb"/>
      </object_component>
      <object_component id="oc-120">
         <name>.debug_info</name>
         <load_address>0xb44</load_address>
         <run_address>0xb44</run_address>
         <size>0x125</size>
         <input_file_ref idref="fl-bb"/>
      </object_component>
      <object_component id="oc-118">
         <name>.debug_info</name>
         <load_address>0xc69</load_address>
         <run_address>0xc69</run_address>
         <size>0x134</size>
         <input_file_ref idref="fl-bb"/>
      </object_component>
      <object_component id="oc-e4">
         <name>.debug_info</name>
         <load_address>0xd9d</load_address>
         <run_address>0xd9d</run_address>
         <size>0x17a</size>
         <input_file_ref idref="fl-bb"/>
      </object_component>
      <object_component id="oc-1a5">
         <name>.debug_info</name>
         <load_address>0xf17</load_address>
         <run_address>0xf17</run_address>
         <size>0xb2</size>
         <input_file_ref idref="fl-bb"/>
      </object_component>
      <object_component id="oc-186">
         <name>.debug_info</name>
         <load_address>0xfc9</load_address>
         <run_address>0xfc9</run_address>
         <size>0x42b</size>
         <input_file_ref idref="fl-bc"/>
      </object_component>
      <object_component id="oc-151">
         <name>.debug_info</name>
         <load_address>0x13f4</load_address>
         <run_address>0x13f4</run_address>
         <size>0x1f8</size>
         <input_file_ref idref="fl-bc"/>
      </object_component>
      <object_component id="oc-1e9">
         <name>.debug_info</name>
         <load_address>0x15ec</load_address>
         <run_address>0x15ec</run_address>
         <size>0x181</size>
         <input_file_ref idref="fl-bc"/>
      </object_component>
      <object_component id="oc-1ef">
         <name>.debug_info</name>
         <load_address>0x176d</load_address>
         <run_address>0x176d</run_address>
         <size>0x1e3</size>
         <input_file_ref idref="fl-bc"/>
      </object_component>
      <object_component id="oc-157">
         <name>.debug_info</name>
         <load_address>0x1950</load_address>
         <run_address>0x1950</run_address>
         <size>0x388</size>
         <input_file_ref idref="fl-bc"/>
      </object_component>
      <object_component id="oc-1f6">
         <name>.debug_info</name>
         <load_address>0x1cd8</load_address>
         <run_address>0x1cd8</run_address>
         <size>0x2d5</size>
         <input_file_ref idref="fl-bc"/>
      </object_component>
      <object_component id="oc-1fc">
         <name>.debug_info</name>
         <load_address>0x1fad</load_address>
         <run_address>0x1fad</run_address>
         <size>0x1e3</size>
         <input_file_ref idref="fl-bc"/>
      </object_component>
      <object_component id="oc-15d">
         <name>.debug_info</name>
         <load_address>0x2190</load_address>
         <run_address>0x2190</run_address>
         <size>0x1f6</size>
         <input_file_ref idref="fl-bc"/>
      </object_component>
      <object_component id="oc-163">
         <name>.debug_info</name>
         <load_address>0x2386</load_address>
         <run_address>0x2386</run_address>
         <size>0x2d1</size>
         <input_file_ref idref="fl-bc"/>
      </object_component>
      <object_component id="oc-169">
         <name>.debug_info</name>
         <load_address>0x2657</load_address>
         <run_address>0x2657</run_address>
         <size>0x482</size>
         <input_file_ref idref="fl-bc"/>
      </object_component>
      <object_component id="oc-10f">
         <name>.debug_info</name>
         <load_address>0x2ad9</load_address>
         <run_address>0x2ad9</run_address>
         <size>0x5cd</size>
         <input_file_ref idref="fl-bc"/>
      </object_component>
      <object_component id="oc-187">
         <name>.debug_info</name>
         <load_address>0x30a6</load_address>
         <run_address>0x30a6</run_address>
         <size>0x86</size>
         <input_file_ref idref="fl-bc"/>
      </object_component>
      <object_component id="oc-227">
         <name>.debug_info</name>
         <load_address>0x312c</load_address>
         <run_address>0x312c</run_address>
         <size>0x39</size>
         <input_file_ref idref="fl-bc"/>
      </object_component>
      <object_component id="oc-292">
         <name>.debug_info</name>
         <load_address>0x3165</load_address>
         <run_address>0x3165</run_address>
         <size>0xb6</size>
         <input_file_ref idref="fl-bc"/>
      </object_component>
      <object_component id="oc-231">
         <name>.debug_info</name>
         <load_address>0x321b</load_address>
         <run_address>0x321b</run_address>
         <size>0x46</size>
         <input_file_ref idref="fl-bc"/>
      </object_component>
      <object_component id="oc-18c">
         <name>.debug_info</name>
         <load_address>0x3261</load_address>
         <run_address>0x3261</run_address>
         <size>0x46</size>
         <input_file_ref idref="fl-bc"/>
      </object_component>
      <object_component id="oc-22c">
         <name>.debug_info</name>
         <load_address>0x32a7</load_address>
         <run_address>0x32a7</run_address>
         <size>0x2c</size>
         <input_file_ref idref="fl-bc"/>
      </object_component>
      <object_component id="oc-253">
         <name>.debug_info</name>
         <load_address>0x32d3</load_address>
         <run_address>0x32d3</run_address>
         <size>0x223</size>
         <input_file_ref idref="fl-bd"/>
      </object_component>
      <object_component id="oc-19d">
         <name>.debug_info</name>
         <load_address>0x34f6</load_address>
         <run_address>0x34f6</run_address>
         <size>0x1b3</size>
         <input_file_ref idref="fl-bd"/>
      </object_component>
      <object_component id="oc-251">
         <name>.debug_info</name>
         <load_address>0x36a9</load_address>
         <run_address>0x36a9</run_address>
         <size>0x29c</size>
         <input_file_ref idref="fl-be"/>
      </object_component>
      <object_component id="oc-196">
         <name>.debug_info</name>
         <load_address>0x3945</load_address>
         <run_address>0x3945</run_address>
         <size>0x2b1</size>
         <input_file_ref idref="fl-be"/>
      </object_component>
      <object_component id="oc-cc">
         <name>.debug_info</name>
         <load_address>0x3bf6</load_address>
         <run_address>0x3bf6</run_address>
         <size>0x2c</size>
         <input_file_ref idref="fl-be"/>
      </object_component>
      <object_component id="oc-2a4">
         <name>.debug_info</name>
         <load_address>0x3c22</load_address>
         <run_address>0x3c22</run_address>
         <size>0x1a0</size>
         <input_file_ref idref="fl-bf"/>
      </object_component>
      <object_component id="oc-23c">
         <name>.debug_info</name>
         <load_address>0x3dc2</load_address>
         <run_address>0x3dc2</run_address>
         <size>0x164</size>
         <input_file_ref idref="fl-bf"/>
      </object_component>
      <object_component id="oc-2e7">
         <name>.debug_info</name>
         <load_address>0x3f26</load_address>
         <run_address>0x3f26</run_address>
         <size>0xbf</size>
         <input_file_ref idref="fl-bf"/>
      </object_component>
      <object_component id="oc-2e6">
         <name>.debug_info</name>
         <load_address>0x3fe5</load_address>
         <run_address>0x3fe5</run_address>
         <size>0x214</size>
         <input_file_ref idref="fl-c0"/>
      </object_component>
      <object_component id="oc-2a0">
         <name>.debug_info</name>
         <load_address>0x41f9</load_address>
         <run_address>0x41f9</run_address>
         <size>0x1da</size>
         <input_file_ref idref="fl-c0"/>
      </object_component>
      <object_component id="oc-275">
         <name>.debug_info</name>
         <load_address>0x43d3</load_address>
         <run_address>0x43d3</run_address>
         <size>0x130</size>
         <input_file_ref idref="fl-c1"/>
      </object_component>
      <object_component id="oc-206">
         <name>.debug_info</name>
         <load_address>0x4503</load_address>
         <run_address>0x4503</run_address>
         <size>0x162</size>
         <input_file_ref idref="fl-c1"/>
      </object_component>
      <object_component id="oc-2c1">
         <name>.debug_info</name>
         <load_address>0x4665</load_address>
         <run_address>0x4665</run_address>
         <size>0x39</size>
         <input_file_ref idref="fl-c1"/>
      </object_component>
      <object_component id="oc-276">
         <name>.debug_info</name>
         <load_address>0x469e</load_address>
         <run_address>0x469e</run_address>
         <size>0x2c</size>
         <input_file_ref idref="fl-c1"/>
      </object_component>
      <object_component id="oc-282">
         <name>.debug_info</name>
         <load_address>0x46ca</load_address>
         <run_address>0x46ca</run_address>
         <size>0x193</size>
         <input_file_ref idref="fl-c2"/>
      </object_component>
      <object_component id="oc-20b">
         <name>.debug_info</name>
         <load_address>0x485d</load_address>
         <run_address>0x485d</run_address>
         <size>0x1b7</size>
         <input_file_ref idref="fl-c2"/>
      </object_component>
      <object_component id="oc-21f">
         <name>.debug_info</name>
         <load_address>0x4a14</load_address>
         <run_address>0x4a14</run_address>
         <size>0x12f</size>
         <input_file_ref idref="fl-c3"/>
      </object_component>
      <object_component id="oc-17d">
         <name>.debug_info</name>
         <load_address>0x4b43</load_address>
         <run_address>0x4b43</run_address>
         <size>0x128</size>
         <input_file_ref idref="fl-c3"/>
      </object_component>
      <object_component id="oc-287">
         <name>.debug_info</name>
         <load_address>0x4c6b</load_address>
         <run_address>0x4c6b</run_address>
         <size>0x46</size>
         <input_file_ref idref="fl-c3"/>
      </object_component>
      <object_component id="oc-21a">
         <name>.debug_info</name>
         <load_address>0x4cb1</load_address>
         <run_address>0x4cb1</run_address>
         <size>0x39</size>
         <input_file_ref idref="fl-c3"/>
      </object_component>
      <object_component id="oc-1e4">
         <name>.debug_info</name>
         <load_address>0x4cea</load_address>
         <run_address>0x4cea</run_address>
         <size>0x131</size>
         <input_file_ref idref="fl-c4"/>
      </object_component>
      <object_component id="oc-170">
         <name>.debug_info</name>
         <load_address>0x4e1b</load_address>
         <run_address>0x4e1b</run_address>
         <size>0xf8</size>
         <input_file_ref idref="fl-c5"/>
      </object_component>
      <object_component id="oc-1d1">
         <name>.debug_info</name>
         <load_address>0x4f13</load_address>
         <run_address>0x4f13</run_address>
         <size>0xfa</size>
         <input_file_ref idref="fl-c5"/>
      </object_component>
      <object_component id="oc-1cb">
         <name>.debug_info</name>
         <load_address>0x500d</load_address>
         <run_address>0x500d</run_address>
         <size>0x116</size>
         <input_file_ref idref="fl-c6"/>
      </object_component>
      <object_component id="oc-1c6">
         <name>.debug_info</name>
         <load_address>0x5123</load_address>
         <run_address>0x5123</run_address>
         <size>0x116</size>
         <input_file_ref idref="fl-c7"/>
      </object_component>
      <object_component id="oc-1d6">
         <name>.debug_info</name>
         <load_address>0x5239</load_address>
         <run_address>0x5239</run_address>
         <size>0x104</size>
         <input_file_ref idref="fl-c8"/>
      </object_component>
      <object_component id="oc-1e0">
         <name>.debug_info</name>
         <load_address>0x533d</load_address>
         <run_address>0x533d</run_address>
         <size>0xf9</size>
         <input_file_ref idref="fl-c9"/>
      </object_component>
      <object_component id="oc-29">
         <name>.debug_info</name>
         <load_address>0x5436</load_address>
         <run_address>0x5436</run_address>
         <size>0x137</size>
         <input_file_ref idref="fl-ca"/>
      </object_component>
      <object_component id="oc-1bc">
         <name>.debug_info</name>
         <load_address>0x556d</load_address>
         <run_address>0x556d</run_address>
         <size>0x118</size>
         <input_file_ref idref="fl-cb"/>
      </object_component>
      <object_component id="oc-70">
         <name>.debug_info</name>
         <load_address>0x5685</load_address>
         <run_address>0x5685</run_address>
         <size>0x11a</size>
         <input_file_ref idref="fl-cc"/>
      </object_component>
      <object_component id="oc-1bf">
         <name>.debug_info</name>
         <load_address>0x579f</load_address>
         <run_address>0x579f</run_address>
         <size>0x116</size>
         <input_file_ref idref="fl-cd"/>
      </object_component>
      <object_component id="oc-16">
         <name>.debug_info</name>
         <load_address>0x58b5</load_address>
         <run_address>0x58b5</run_address>
         <size>0x143</size>
         <input_file_ref idref="fl-ce"/>
      </object_component>
      <object_component id="oc-40">
         <name>.debug_info</name>
         <load_address>0x59f8</load_address>
         <run_address>0x59f8</run_address>
         <size>0x111</size>
         <input_file_ref idref="fl-cf"/>
      </object_component>
      <object_component id="oc-d5">
         <name>.debug_info</name>
         <load_address>0x5b09</load_address>
         <run_address>0x5b09</run_address>
         <size>0x353</size>
         <input_file_ref idref="fl-d0"/>
      </object_component>
      <object_component id="oc-77">
         <name>.debug_info</name>
         <load_address>0x5e5c</load_address>
         <run_address>0x5e5c</run_address>
         <size>0x1ae</size>
         <input_file_ref idref="fl-d0"/>
      </object_component>
      <object_component id="oc-fd">
         <name>.debug_info</name>
         <load_address>0x600a</load_address>
         <run_address>0x600a</run_address>
         <size>0x39</size>
         <input_file_ref idref="fl-d0"/>
      </object_component>
      <object_component id="oc-138">
         <name>.debug_info</name>
         <load_address>0x6043</load_address>
         <run_address>0x6043</run_address>
         <size>0x39</size>
         <input_file_ref idref="fl-d0"/>
      </object_component>
      <object_component id="oc-102">
         <name>.debug_info</name>
         <load_address>0x607c</load_address>
         <run_address>0x607c</run_address>
         <size>0x39</size>
         <input_file_ref idref="fl-d0"/>
      </object_component>
      <object_component id="oc-107">
         <name>.debug_info</name>
         <load_address>0x60b5</load_address>
         <run_address>0x60b5</run_address>
         <size>0xcd</size>
         <input_file_ref idref="fl-d0"/>
      </object_component>
      <object_component id="oc-49">
         <name>.debug_info</name>
         <load_address>0x6182</load_address>
         <run_address>0x6182</run_address>
         <size>0x121</size>
         <input_file_ref idref="fl-d1"/>
      </object_component>
      <object_component id="oc-6c">
         <name>.debug_info</name>
         <load_address>0x62a3</load_address>
         <run_address>0x62a3</run_address>
         <size>0x174</size>
         <input_file_ref idref="fl-d3"/>
      </object_component>
      <object_component id="oc-34">
         <name>.debug_info</name>
         <load_address>0x6417</load_address>
         <run_address>0x6417</run_address>
         <size>0x1a0</size>
         <input_file_ref idref="fl-d3"/>
      </object_component>
      <object_component id="oc-67">
         <name>.debug_info</name>
         <load_address>0x65b7</load_address>
         <run_address>0x65b7</run_address>
         <size>0x46</size>
         <input_file_ref idref="fl-d3"/>
      </object_component>
      <object_component id="oc-32">
         <name>.debug_info</name>
         <load_address>0x65fd</load_address>
         <run_address>0x65fd</run_address>
         <size>0x148</size>
         <input_file_ref idref="fl-d4"/>
      </object_component>
      <object_component id="oc-d">
         <name>.debug_info</name>
         <load_address>0x6745</load_address>
         <run_address>0x6745</run_address>
         <size>0x1b8</size>
         <input_file_ref idref="fl-d4"/>
      </object_component>
      <object_component id="oc-2d">
         <name>.debug_info</name>
         <load_address>0x68fd</load_address>
         <run_address>0x68fd</run_address>
         <size>0x46</size>
         <input_file_ref idref="fl-d4"/>
      </object_component>
      <object_component id="oc-5f">
         <name>.debug_info</name>
         <load_address>0x6943</load_address>
         <run_address>0x6943</run_address>
         <size>0x2c</size>
         <input_file_ref idref="fl-d4"/>
      </object_component>
      <object_component id="oc-5d">
         <name>.debug_info</name>
         <load_address>0x696f</load_address>
         <run_address>0x696f</run_address>
         <size>0x13e</size>
         <input_file_ref idref="fl-d5"/>
      </object_component>
      <object_component id="oc-9">
         <name>.debug_info</name>
         <load_address>0x6aad</load_address>
         <run_address>0x6aad</run_address>
         <size>0x21e</size>
         <input_file_ref idref="fl-d5"/>
      </object_component>
      <object_component id="oc-1d">
         <name>.debug_info</name>
         <load_address>0x6ccb</load_address>
         <run_address>0x6ccb</run_address>
         <size>0x60</size>
         <input_file_ref idref="fl-d5"/>
      </object_component>
      <object_component id="oc-c5">
         <name>.debug_info</name>
         <load_address>0x6d2b</load_address>
         <run_address>0x6d2b</run_address>
         <size>0x46</size>
         <input_file_ref idref="fl-d5"/>
      </object_component>
      <object_component id="oc-58">
         <name>.debug_info</name>
         <load_address>0x6d71</load_address>
         <run_address>0x6d71</run_address>
         <size>0x39</size>
         <input_file_ref idref="fl-d5"/>
      </object_component>
      <object_component id="oc-f9">
         <name>.debug_info</name>
         <load_address>0x6daa</load_address>
         <run_address>0x6daa</run_address>
         <size>0x24d</size>
         <input_file_ref idref="fl-d6"/>
      </object_component>
      <object_component id="oc-f3">
         <name>.debug_info</name>
         <load_address>0x6ff7</load_address>
         <run_address>0x6ff7</run_address>
         <size>0x15e</size>
         <input_file_ref idref="fl-d6"/>
      </object_component>
      <object_component id="oc-ae">
         <name>.debug_info</name>
         <load_address>0x7155</load_address>
         <run_address>0x7155</run_address>
         <size>0xf0</size>
         <input_file_ref idref="fl-d6"/>
      </object_component>
      <object_component id="oc-b4">
         <name>.debug_info</name>
         <load_address>0x7245</load_address>
         <run_address>0x7245</run_address>
         <size>0x152</size>
         <input_file_ref idref="fl-d6"/>
      </object_component>
      <object_component id="oc-134">
         <name>.debug_info</name>
         <load_address>0x7397</load_address>
         <run_address>0x7397</run_address>
         <size>0x169</size>
         <input_file_ref idref="fl-d7"/>
      </object_component>
      <object_component id="oc-f6">
         <name>.debug_info</name>
         <load_address>0x7500</load_address>
         <run_address>0x7500</run_address>
         <size>0xec</size>
         <input_file_ref idref="fl-d7"/>
      </object_component>
      <object_component id="oc-12e">
         <name>.debug_info</name>
         <load_address>0x75ec</load_address>
         <run_address>0x75ec</run_address>
         <size>0xfc</size>
         <input_file_ref idref="fl-d7"/>
      </object_component>
      <object_component id="oc-26d">
         <name>.debug_info</name>
         <load_address>0x76e8</load_address>
         <run_address>0x76e8</run_address>
         <size>0x13c</size>
         <input_file_ref idref="fl-d8"/>
      </object_component>
      <object_component id="oc-1da">
         <name>.debug_info</name>
         <load_address>0x7824</load_address>
         <run_address>0x7824</run_address>
         <size>0x1c0</size>
         <input_file_ref idref="fl-d8"/>
      </object_component>
      <object_component id="oc-ac">
         <name>.debug_info</name>
         <load_address>0x79e4</load_address>
         <run_address>0x79e4</run_address>
         <size>0x17f</size>
         <input_file_ref idref="fl-d9"/>
      </object_component>
      <object_component id="oc-4d">
         <name>.debug_info</name>
         <load_address>0x7b63</load_address>
         <run_address>0x7b63</run_address>
         <size>0x140</size>
         <input_file_ref idref="fl-d9"/>
      </object_component>
      <object_component id="oc-ec">
         <name>.debug_info</name>
         <load_address>0x7ca3</load_address>
         <run_address>0x7ca3</run_address>
         <size>0x5e</size>
         <input_file_ref idref="fl-d9"/>
      </object_component>
      <object_component id="oc-1b8">
         <name>.debug_info</name>
         <load_address>0x7d01</load_address>
         <run_address>0x7d01</run_address>
         <size>0x159</size>
         <input_file_ref idref="fl-da"/>
      </object_component>
      <object_component id="oc-14d">
         <name>.debug_info</name>
         <load_address>0x7e5a</load_address>
         <run_address>0x7e5a</run_address>
         <size>0x14a</size>
         <input_file_ref idref="fl-da"/>
      </object_component>
      <object_component id="oc-259">
         <name>.debug_info</name>
         <load_address>0x7fa4</load_address>
         <run_address>0x7fa4</run_address>
         <size>0xc7</size>
         <input_file_ref idref="fl-db"/>
      </object_component>
      <object_component id="oc-1b5">
         <name>.debug_info</name>
         <load_address>0x806b</load_address>
         <run_address>0x806b</run_address>
         <size>0xd3</size>
         <input_file_ref idref="fl-db"/>
      </object_component>
      <object_component id="oc-193">
         <name>.debug_info</name>
         <load_address>0x813e</load_address>
         <run_address>0x813e</run_address>
         <size>0x112</size>
         <input_file_ref idref="fl-dc"/>
      </object_component>
      <object_component id="oc-115">
         <name>.debug_info</name>
         <load_address>0x8250</load_address>
         <run_address>0x8250</run_address>
         <size>0xd0</size>
         <input_file_ref idref="fl-dc"/>
      </object_component>
      <object_component id="oc-323">
         <name>.debug_info</name>
         <load_address>0x8320</load_address>
         <run_address>0x8320</run_address>
         <size>0x15d</size>
         <input_file_ref idref="fl-dc"/>
      </object_component>
      <object_component id="oc-218">
         <name>.debug_info</name>
         <load_address>0x847d</load_address>
         <run_address>0x847d</run_address>
         <size>0x14c</size>
         <input_file_ref idref="fl-dd"/>
      </object_component>
      <object_component id="oc-174">
         <name>.debug_info</name>
         <load_address>0x85c9</load_address>
         <run_address>0x85c9</run_address>
         <size>0x195</size>
         <input_file_ref idref="fl-dd"/>
      </object_component>
      <object_component id="oc-2a6">
         <name>.debug_info</name>
         <load_address>0x875e</load_address>
         <run_address>0x875e</run_address>
         <size>0x145</size>
         <input_file_ref idref="fl-de"/>
      </object_component>
      <object_component id="oc-23f">
         <name>.debug_info</name>
         <load_address>0x88a3</load_address>
         <run_address>0x88a3</run_address>
         <size>0x1cb</size>
         <input_file_ref idref="fl-de"/>
      </object_component>
      <object_component id="oc-56">
         <name>.debug_info</name>
         <load_address>0x8a6e</load_address>
         <run_address>0x8a6e</run_address>
         <size>0x252</size>
         <input_file_ref idref="fl-df"/>
      </object_component>
      <object_component id="oc-1a">
         <name>.debug_info</name>
         <load_address>0x8cc0</load_address>
         <run_address>0x8cc0</run_address>
         <size>0xda</size>
         <input_file_ref idref="fl-df"/>
      </object_component>
      <object_component id="oc-359">
         <name>.debug_info</name>
         <load_address>0x8d9a</load_address>
         <run_address>0x8d9a</run_address>
         <size>0x10d</size>
         <input_file_ref idref="fl-df"/>
      </object_component>
      <object_component id="oc-2dd">
         <name>.debug_info</name>
         <load_address>0x8ea7</load_address>
         <run_address>0x8ea7</run_address>
         <size>0x136</size>
         <input_file_ref idref="fl-df"/>
      </object_component>
      <object_component id="oc-30c">
         <name>.debug_info</name>
         <load_address>0x8fdd</load_address>
         <run_address>0x8fdd</run_address>
         <size>0x15c</size>
         <input_file_ref idref="fl-df"/>
      </object_component>
      <object_component id="oc-311">
         <name>.debug_info</name>
         <load_address>0x9139</load_address>
         <run_address>0x9139</run_address>
         <size>0x16d</size>
         <input_file_ref idref="fl-df"/>
      </object_component>
      <object_component id="oc-2d6">
         <name>.debug_info</name>
         <load_address>0x92a6</load_address>
         <run_address>0x92a6</run_address>
         <size>0x1d8</size>
         <input_file_ref idref="fl-df"/>
      </object_component>
      <object_component id="oc-360">
         <name>.debug_info</name>
         <load_address>0x947e</load_address>
         <run_address>0x947e</run_address>
         <size>0x1a9</size>
         <input_file_ref idref="fl-df"/>
      </object_component>
      <object_component id="oc-319">
         <name>.debug_info</name>
         <load_address>0x9627</load_address>
         <run_address>0x9627</run_address>
         <size>0x261</size>
         <input_file_ref idref="fl-df"/>
      </object_component>
      <object_component id="oc-c0">
         <name>.debug_info</name>
         <load_address>0x9888</load_address>
         <run_address>0x9888</run_address>
         <size>0xb2</size>
         <input_file_ref idref="fl-df"/>
      </object_component>
      <object_component id="oc-bb">
         <name>.debug_info</name>
         <load_address>0x993a</load_address>
         <run_address>0x993a</run_address>
         <size>0x2c</size>
         <input_file_ref idref="fl-df"/>
      </object_component>
      <object_component id="oc-284">
         <name>.debug_info</name>
         <load_address>0x9966</load_address>
         <run_address>0x9966</run_address>
         <size>0x13a</size>
         <input_file_ref idref="fl-e0"/>
      </object_component>
      <object_component id="oc-210">
         <name>.debug_info</name>
         <load_address>0x9aa0</load_address>
         <run_address>0x9aa0</run_address>
         <size>0x1d0</size>
         <input_file_ref idref="fl-e0"/>
      </object_component>
      <object_component id="oc-1b3">
         <name>.debug_info</name>
         <load_address>0x9c70</load_address>
         <run_address>0x9c70</run_address>
         <size>0x12f</size>
         <input_file_ref idref="fl-e1"/>
      </object_component>
      <object_component id="oc-148">
         <name>.debug_info</name>
         <load_address>0x9d9f</load_address>
         <run_address>0x9d9f</run_address>
         <size>0x1b3</size>
         <input_file_ref idref="fl-e1"/>
      </object_component>
      <object_component id="oc-2ad">
         <name>.debug_info</name>
         <load_address>0x9f52</load_address>
         <run_address>0x9f52</run_address>
         <size>0x237</size>
         <input_file_ref idref="fl-e2"/>
      </object_component>
      <object_component id="oc-24e">
         <name>.debug_info</name>
         <load_address>0xa189</load_address>
         <run_address>0xa189</run_address>
         <size>0x157</size>
         <input_file_ref idref="fl-e2"/>
      </object_component>
      <object_component id="oc-2fa">
         <name>.debug_info</name>
         <load_address>0xa2e0</load_address>
         <run_address>0xa2e0</run_address>
         <size>0x120</size>
         <input_file_ref idref="fl-e2"/>
      </object_component>
      <object_component id="oc-2ff">
         <name>.debug_info</name>
         <load_address>0xa400</load_address>
         <run_address>0xa400</run_address>
         <size>0x2c</size>
         <input_file_ref idref="fl-e2"/>
      </object_component>
      <object_component id="oc-2f7">
         <name>.debug_info</name>
         <load_address>0xa42c</load_address>
         <run_address>0xa42c</run_address>
         <size>0x305</size>
         <input_file_ref idref="fl-e3"/>
      </object_component>
      <object_component id="oc-2f3">
         <name>.debug_info</name>
         <load_address>0xa731</load_address>
         <run_address>0xa731</run_address>
         <size>0xd7</size>
         <input_file_ref idref="fl-e3"/>
      </object_component>
      <object_component id="oc-2aa">
         <name>.debug_info</name>
         <load_address>0xa808</load_address>
         <run_address>0xa808</run_address>
         <size>0xd7</size>
         <input_file_ref idref="fl-e3"/>
      </object_component>
      <object_component id="oc-224">
         <name>.debug_info</name>
         <load_address>0xa8df</load_address>
         <run_address>0xa8df</run_address>
         <size>0x129</size>
         <input_file_ref idref="fl-e4"/>
      </object_component>
      <object_component id="oc-221">
         <name>.debug_info</name>
         <load_address>0xaa08</load_address>
         <run_address>0xaa08</run_address>
         <size>0xdc</size>
         <input_file_ref idref="fl-e4"/>
      </object_component>
      <object_component id="oc-181">
         <name>.debug_info</name>
         <load_address>0xaae4</load_address>
         <run_address>0xaae4</run_address>
         <size>0x11c</size>
         <input_file_ref idref="fl-e4"/>
      </object_component>
      <object_component id="oc-2a8">
         <name>.debug_info</name>
         <load_address>0xac00</load_address>
         <run_address>0xac00</run_address>
         <size>0x1e7</size>
         <input_file_ref idref="fl-e5"/>
      </object_component>
      <object_component id="oc-245">
         <name>.debug_info</name>
         <load_address>0xade7</load_address>
         <run_address>0xade7</run_address>
         <size>0x152</size>
         <input_file_ref idref="fl-e5"/>
      </object_component>
      <object_component id="oc-2e0">
         <name>.debug_info</name>
         <load_address>0xaf39</load_address>
         <run_address>0xaf39</run_address>
         <size>0x144</size>
         <input_file_ref idref="fl-e6"/>
      </object_component>
      <object_component id="oc-2d2">
         <name>.debug_info</name>
         <load_address>0xb07d</load_address>
         <run_address>0xb07d</run_address>
         <size>0x1c4</size>
         <input_file_ref idref="fl-e7"/>
      </object_component>
      <object_component id="oc-299">
         <name>.debug_info</name>
         <load_address>0xb241</load_address>
         <run_address>0xb241</run_address>
         <size>0x1b4</size>
         <input_file_ref idref="fl-e7"/>
      </object_component>
      <object_component id="oc-27c">
         <name>.debug_info</name>
         <load_address>0xb3f5</load_address>
         <run_address>0xb3f5</run_address>
         <size>0x12d</size>
         <input_file_ref idref="fl-e8"/>
      </object_component>
      <object_component id="oc-25d">
         <name>.debug_info</name>
         <load_address>0xb522</load_address>
         <run_address>0xb522</run_address>
         <size>0xe3</size>
         <input_file_ref idref="fl-e9"/>
      </object_component>
      <object_component id="oc-268">
         <name>.debug_info</name>
         <load_address>0xb605</load_address>
         <run_address>0xb605</run_address>
         <size>0x114</size>
         <input_file_ref idref="fl-ea"/>
      </object_component>
      <object_component id="oc-386">
         <name>.debug_info</name>
         <load_address>0xb719</load_address>
         <run_address>0xb719</run_address>
         <size>0x213</size>
         <input_file_ref idref="fl-eb"/>
      </object_component>
      <object_component id="oc-331">
         <name>.debug_info</name>
         <load_address>0xb92c</load_address>
         <run_address>0xb92c</run_address>
         <size>0x18a</size>
         <input_file_ref idref="fl-eb"/>
      </object_component>
      <object_component id="oc-38c">
         <name>.debug_info</name>
         <load_address>0xbab6</load_address>
         <run_address>0xbab6</run_address>
         <size>0x218</size>
         <input_file_ref idref="fl-ec"/>
      </object_component>
      <object_component id="oc-342">
         <name>.debug_info</name>
         <load_address>0xbcce</load_address>
         <run_address>0xbcce</run_address>
         <size>0x1de</size>
         <input_file_ref idref="fl-ec"/>
      </object_component>
      <object_component id="oc-382">
         <name>.debug_info</name>
         <load_address>0xbeac</load_address>
         <run_address>0xbeac</run_address>
         <size>0x243</size>
         <input_file_ref idref="fl-ed"/>
      </object_component>
      <object_component id="oc-329">
         <name>.debug_info</name>
         <load_address>0xc0ef</load_address>
         <run_address>0xc0ef</run_address>
         <size>0x1da</size>
         <input_file_ref idref="fl-ed"/>
      </object_component>
      <object_component id="oc-388">
         <name>.debug_info</name>
         <load_address>0xc2c9</load_address>
         <run_address>0xc2c9</run_address>
         <size>0x217</size>
         <input_file_ref idref="fl-ee"/>
      </object_component>
      <object_component id="oc-337">
         <name>.debug_info</name>
         <load_address>0xc4e0</load_address>
         <run_address>0xc4e0</run_address>
         <size>0x1c9</size>
         <input_file_ref idref="fl-ee"/>
      </object_component>
      <object_component id="oc-396">
         <name>.debug_info</name>
         <load_address>0xc6a9</load_address>
         <run_address>0xc6a9</run_address>
         <size>0x275</size>
         <input_file_ref idref="fl-ef"/>
      </object_component>
      <object_component id="oc-34d">
         <name>.debug_info</name>
         <load_address>0xc91e</load_address>
         <run_address>0xc91e</run_address>
         <size>0x204</size>
         <input_file_ref idref="fl-ef"/>
      </object_component>
      <object_component id="oc-38e">
         <name>.debug_info</name>
         <load_address>0xcb22</load_address>
         <run_address>0xcb22</run_address>
         <size>0x236</size>
         <input_file_ref idref="fl-f0"/>
      </object_component>
      <object_component id="oc-349">
         <name>.debug_info</name>
         <load_address>0xcd58</load_address>
         <run_address>0xcd58</run_address>
         <size>0x194</size>
         <input_file_ref idref="fl-f0"/>
      </object_component>
      <object_component id="oc-38a">
         <name>.debug_info</name>
         <load_address>0xceec</load_address>
         <run_address>0xceec</run_address>
         <size>0x218</size>
         <input_file_ref idref="fl-f1"/>
      </object_component>
      <object_component id="oc-33c">
         <name>.debug_info</name>
         <load_address>0xd104</load_address>
         <run_address>0xd104</run_address>
         <size>0x1ce</size>
         <input_file_ref idref="fl-f1"/>
      </object_component>
      <object_component id="oc-3aa">
         <name>.debug_info</name>
         <load_address>0xd2d2</load_address>
         <run_address>0xd2d2</run_address>
         <size>0x15b</size>
         <input_file_ref idref="fl-f2"/>
      </object_component>
      <object_component id="oc-3a7">
         <name>.debug_info</name>
         <load_address>0xd42d</load_address>
         <run_address>0xd42d</run_address>
         <size>0xd6</size>
         <input_file_ref idref="fl-f2"/>
      </object_component>
      <object_component id="oc-379">
         <name>.debug_info</name>
         <load_address>0xd503</load_address>
         <run_address>0xd503</run_address>
         <size>0x1ad</size>
[...]
            <load_address>0x5b70</load_address>
            <load_size>0x67</load_size>
            <run_address>0x46bc</run_address>
            <run_size>0x1e8</run_size>
            <compression>lzss</compression>
         </cprec>
         <cprec>
            <name>.bss</name>
            <load_address>0x5be8</load_address>
            <load_size>0x8</load_size>
            <run_address>0x48a4</run_address>
            <run_size>0x1c8</run_size>
            <compression>zero_init</compression>
         </cprec>
      </cptbl>
   </cptbl_list>
   <handler_table>
      <handler_table_name>__TI_handler_table</handler_table_name>
      <handler>
         <index>0x0</index>
         <name>__TI_decompress_lzss</name>
      </handler>
      <handler>
         <index>0x1</index>
         <name>__TI_decompress_none</name>
      </handler>
      <handler>
         <index>0x2</index>
         <name>__TI_zero_init</name>
      </handler>
   </handler_table>
   <symbol_table>
      <symbol id="sm-1">
         <name>__start___llvm_prf_cnts</name>
         <value>0x20</value>
      </symbol>
      <symbol id="sm-2">
         <name>__stop___llvm_prf_cnts</name>
         <value>0x20</value>
      </symbol>
      <symbol id="sm-3">
         <name>__TI_CINIT_Base</name>
         <value>0x5bf0</value>
      </symbol>
      <symbol id="sm-4">
         <name>__TI_CINIT_Limit</name>
         <value>0x5c00</value>
      </symbol>
      <symbol id="sm-5">
         <name>__TI_Handler_Table_Base</name>
         <value>0x5bd8</value>
      </symbol>
      <symbol id="sm-6">
         <name>__TI_Handler_Table_Limit</name>
         <value>0x5be4</value>
      </symbol>
      <symbol id="sm-7">
         <name>binit</name>
         <value>0xffffffff</value>
      </symbol>
      <symbol id="sm-8">
         <name>__binit__</name>
         <value>0xffffffff</value>
      </symbol>
      <symbol id="sm-9">
         <name>__STACK_SIZE</name>
         <value>0x800</value>
      </symbol>
      <symbol id="sm-a">
         <name>__STACK_END</name>
         <value>0x5370</value>
      </symbol>
      <symbol id="sm-b">
         <name>__SYSMEM_SIZE</name>
         <value>0x800</value>
      </symbol>
      <symbol id="sm-c">
         <name>__c_args__</name>
         <value>0xffffffff</value>
      </symbol>
      <symbol id="sm-d">
         <name>__TI_pprof_out_hndl</name>
         <value>0xffffffff</value>
      </symbol>
      <symbol id="sm-e">
         <name>__TI_prof_data_start</name>
         <value>0xffffffff</value>
      </symbol>
      <symbol id="sm-f">
         <name>__TI_prof_data_size</name>
         <value>0xffffffff</value>
      </symbol>
      <symbol id="sm-47">
         <name>main</name>
         <value>0x4144</value>
         <object_component_ref idref="oc-a5"/>
      </symbol>
      <symbol id="sm-48">
         <name>sum</name>
         <value>0x4124</value>
         <object_component_ref idref="oc-a5"/>
      </symbol>
      <symbol id="sm-74">
         <name>printf</name>
         <value>0x377c</value>
         <object_component_ref idref="oc-e3"/>
      </symbol>
      <symbol id="sm-1d6">
         <name>__TI_printfi</name>
         <value>0x20</value>
         <object_component_ref idref="oc-10e"/>
      </symbol>
      <symbol id="sm-1ed">
         <name>putc</name>
         <value>0x2b0c</value>
         <object_component_ref idref="oc-19c"/>
      </symbol>
      <symbol id="sm-1ee">
         <name>fputc</name>
         <value>0x2b0c</value>
         <object_component_ref idref="oc-19c"/>
      </symbol>
      <symbol id="sm-211">
         <name>fputs</name>
         <value>0x1b64</value>
         <object_component_ref idref="oc-195"/>
      </symbol>
      <symbol id="sm-229">
         <name>__TI_wrt_ok</name>
         <value>0x3824</value>
         <object_component_ref idref="oc-238"/>
      </symbol>
      <symbol id="sm-245">
         <name>setvbuf</name>
         <value>0x2714</value>
         <object_component_ref idref="oc-29d"/>
      </symbol>
      <symbol id="sm-263">
         <name>frexpl</name>
         <value>0x3e7c</value>
         <object_component_ref idref="oc-203"/>
      </symbol>
      <symbol id="sm-264">
         <name>frexp</name>
         <value>0x3e7c</value>
         <object_component_ref idref="oc-203"/>
      </symbol>
      <symbol id="sm-285">
         <name>scalbn</name>
         <value>0x288c</value>
         <object_component_ref idref="oc-209"/>
      </symbol>
      <symbol id="sm-286">
         <name>scalbnl</name>
         <value>0x288c</value>
         <object_component_ref idref="oc-209"/>
      </symbol>
      <symbol id="sm-287">
         <name>ldexpl</name>
         <value>0x288c</value>
         <object_component_ref idref="oc-209"/>
      </symbol>
      <symbol id="sm-288">
         <name>ldexp</name>
         <value>0x288c</value>
         <object_component_ref idref="oc-209"/>
      </symbol>
      <symbol id="sm-2a1">
         <name>wcslen</name>
         <value>0x45e0</value>
         <object_component_ref idref="oc-179"/>
      </symbol>
      <symbol id="sm-2b8">
         <name>__aeabi_dsub</name>
         <value>0x1930</value>
         <object_component_ref idref="oc-1e3"/>
      </symbol>
      <symbol id="sm-2b9">
         <name>__aeabi_dadd</name>
         <value>0x193c</value>
         <object_component_ref idref="oc-1e3"/>
      </symbol>
      <symbol id="sm-2db">
         <name>__aeabi_cdcmpeq</name>
         <value>0x2f44</value>
         <object_component_ref idref="oc-16e"/>
      </symbol>
      <symbol id="sm-2dc">
         <name>__aeabi_cdcmple</name>
         <value>0x2f44</value>
         <object_component_ref idref="oc-16e"/>
      </symbol>
      <symbol id="sm-2dd">
         <name>__aeabi_cdrcmple</name>
         <value>0x3028</value>
         <object_component_ref idref="oc-1ce"/>
      </symbol>
      <symbol id="sm-2f1">
         <name>__aeabi_ddiv</name>
         <value>0x2240</value>
         <object_component_ref idref="oc-1c9"/>
      </symbol>
      <symbol id="sm-2fc">
         <name>__aeabi_dmul</name>
         <value>0x29d0</value>
         <object_component_ref idref="oc-1c4"/>
      </symbol>
      <symbol id="sm-306">
         <name>__aeabi_d2iz</name>
         <value>0x4058</value>
         <object_component_ref idref="oc-1d3"/>
      </symbol>
      <symbol id="sm-310">
         <name>__aeabi_i2d</name>
         <value>0x44a0</value>
         <object_component_ref idref="oc-1de"/>
      </symbol>
      <symbol id="sm-329">
         <name>memcpy</name>
         <value>0x23e4</value>
         <object_component_ref idref="oc-27"/>
      </symbol>
      <symbol id="sm-32a">
         <name>__aeabi_memcpy</name>
         <value>0x23e4</value>
         <object_component_ref idref="oc-27"/>
      </symbol>
      <symbol id="sm-32b">
         <name>__aeabi_memcpy8</name>
         <value>0x23e4</value>
         <object_component_ref idref="oc-27"/>
      </symbol>
      <symbol id="sm-32c">
         <name>__aeabi_memcpy4</name>
         <value>0x23e4</value>
         <object_component_ref idref="oc-27"/>
      </symbol>
      <symbol id="sm-347">
         <name>__aeabi_uldivmod</name>
         <value>0x13c4</value>
         <object_component_ref idref="oc-1b9"/>
      </symbol>
      <symbol id="sm-356">
         <name>__aeabi_memset</name>
         <value>0x3578</value>
         <object_component_ref idref="oc-6d"/>
      </symbol>
      <symbol id="sm-357">
         <name>memset</name>
         <value>0x3584</value>
         <object_component_ref idref="oc-6d"/>
      </symbol>
      <symbol id="sm-358">
         <name>__aeabi_memset8</name>
         <value>0x3578</value>
         <object_component_ref idref="oc-6d"/>
      </symbol>
      <symbol id="sm-359">
         <name>__aeabi_memset4</name>
         <value>0x3578</value>
         <object_component_ref idref="oc-6d"/>
      </symbol>
      <symbol id="sm-35a">
         <name>__aeabi_memclr8</name>
         <value>0x3574</value>
         <object_component_ref idref="oc-6d"/>
      </symbol>
      <symbol id="sm-35b">
         <name>__aeabi_memclr4</name>
         <value>0x3574</value>
         <object_component_ref idref="oc-6d"/>
      </symbol>
      <symbol id="sm-35c">
         <name>__aeabi_memclr</name>
         <value>0x3574</value>
         <object_component_ref idref="oc-6d"/>
      </symbol>
      <symbol id="sm-36e">
         <name>__aeabi_uidivmod</name>
         <value>0x2e54</value>
         <object_component_ref idref="oc-1be"/>
      </symbol>
      <symbol id="sm-36f">
         <name>__aeabi_uidiv</name>
         <value>0x2e54</value>
         <object_component_ref idref="oc-1be"/>
      </symbol>
      <symbol id="sm-37d">
         <name>_c_int00</name>
         <value>0x4464</value>
         <object_component_ref idref="oc-13"/>
      </symbol>
      <symbol id="sm-37e">
         <name>__stack</name>
         <value>0x4b70</value>
         <object_component_ref idref="oc-18"/>
      </symbol>
      <symbol id="sm-388">
         <name>__mpu_init</name>
         <value>0x46a8</value>
         <object_component_ref idref="oc-3f"/>
      </symbol>
      <symbol id="sm-3b0">
         <name>__TI_auto_init_nobinit_nopinit</name>
         <value>0x3ff0</value>
         <object_component_ref idref="oc-75"/>
      </symbol>
      <symbol id="sm-3ba">
         <name>_system_pre_init</name>
         <value>0x4698</value>
         <object_component_ref idref="oc-45"/>
      </symbol>
      <symbol id="sm-3ce">
         <name>__TI_zero_init_nomemset</name>
         <value>0x4568</value>
         <object_component_ref idref="oc-33"/>
      </symbol>
      <symbol id="sm-3e5">
         <name>__TI_decompress_none</name>
         <value>0x465c</value>
         <object_component_ref idref="oc-c"/>
      </symbol>
      <symbol id="sm-40a">
         <name>__TI_decompress_lzss</name>
         <value>0x3aa8</value>
         <object_component_ref idref="oc-6"/>
      </symbol>
      <symbol id="sm-430">
         <name>C$$EXIT</name>
         <value>0x46a0</value>
         <object_component_ref idref="oc-ad"/>
      </symbol>
      <symbol id="sm-431">
         <name>abort</name>
         <value>0x46a0</value>
         <object_component_ref idref="oc-ad"/>
      </symbol>
      <symbol id="sm-432">
         <name>__TI_dtors_ptr</name>
         <value>0x4888</value>
         <object_component_ref idref="oc-f2"/>
      </symbol>
      <symbol id="sm-433">
         <name>__TI_cleanup_ptr</name>
         <value>0x4884</value>
         <object_component_ref idref="oc-f2"/>
      </symbol>
      <symbol id="sm-434">
         <name>__TI_enable_exit_profile_output</name>
         <value>0x488c</value>
         <object_component_ref idref="oc-f2"/>
      </symbol>
      <symbol id="sm-435">
         <name>exit</name>
         <value>0x3b48</value>
         <object_component_ref idref="oc-b3"/>
      </symbol>
      <symbol id="sm-44a">
         <name>_nop</name>
         <value>0x46ac</value>
         <object_component_ref idref="oc-12c"/>
      </symbol>
      <symbol id="sm-44b">
         <name>_lock</name>
         <value>0x4890</value>
         <object_component_ref idref="oc-f5"/>
      </symbol>
      <symbol id="sm-44c">
         <name>_unlock</name>
         <value>0x4894</value>
         <object_component_ref idref="oc-f5"/>
      </symbol>
      <symbol id="sm-45a">
         <name>__TI_ltoa</name>
         <value>0x3df8</value>
         <object_component_ref idref="oc-1d8"/>
      </symbol>
      <symbol id="sm-46e">
         <name>_args_main</name>
         <value>0x4604</value>
         <object_component_ref idref="oc-4c"/>
      </symbol>
      <symbol id="sm-483">
         <name>atoi</name>
         <value>0x3cec</value>
         <object_component_ref idref="oc-14a"/>
      </symbol>
      <symbol id="sm-48e">
         <name>_ctypes_</name>
         <value>0x4a6c</value>
         <object_component_ref idref="oc-1b4"/>
      </symbol>
      <symbol id="sm-4a3">
         <name>__TI_tmpnams</name>
         <value>0x49c4</value>
      </symbol>
      <symbol id="sm-4a4">
         <name>__aeabi_stdout</name>
         <value>0x487c</value>
         <object_component_ref idref="oc-322"/>
      </symbol>
      <symbol id="sm-4a5">
         <name>__aeabi_stderr</name>
         <value>0x4880</value>
         <object_component_ref idref="oc-322"/>
      </symbol>
      <symbol id="sm-4a6">
         <name>__aeabi_stdin</name>
         <value>0x4878</value>
         <object_component_ref idref="oc-322"/>
      </symbol>
      <symbol id="sm-4a7">
         <name>_ftable</name>
         <value>0x46bc</value>
         <object_component_ref idref="oc-114"/>
      </symbol>
      <symbol id="sm-4a8">
         <name>__TI_ft_end</name>
         <value>0x4874</value>
         <object_component_ref idref="oc-322"/>
      </symbol>
      <symbol id="sm-4b7">
         <name>memccpy</name>
         <value>0x450c</value>
         <object_component_ref idref="oc-173"/>
      </symbol>
      <symbol id="sm-4c6">
         <name>memchr</name>
         <value>0x453c</value>
         <object_component_ref idref="oc-23e"/>
      </symbol>
      <symbol id="sm-54c">
         <name>_sys_memory</name>
         <value>0x5370</value>
         <object_component_ref idref="oc-19"/>
      </symbol>
      <symbol id="sm-54d">
         <name>free</name>
         <value>0x2584</value>
         <object_component_ref idref="oc-2d3"/>
      </symbol>
      <symbol id="sm-54e">
         <name>memalign</name>
         <value>0x209c</value>
         <object_component_ref idref="oc-315"/>
      </symbol>
      <symbol id="sm-54f">
         <name>malloc</name>
         <value>0x468c</value>
         <object_component_ref idref="oc-2d9"/>
      </symbol>
      <symbol id="sm-550">
         <name>aligned_alloc</name>
         <value>0x209c</value>
         <object_component_ref idref="oc-315"/>
      </symbol>
      <symbol id="sm-55f">
         <name>strchr</name>
         <value>0x4590</value>
         <object_component_ref idref="oc-20f"/>
      </symbol>
      <symbol id="sm-56d">
         <name>strlen</name>
         <value>0x4640</value>
         <object_component_ref idref="oc-144"/>
      </symbol>
      <symbol id="sm-588">
         <name>write</name>
         <value>0x4390</value>
         <object_component_ref idref="oc-24a"/>
      </symbol>
      <symbol id="sm-599">
         <name>_stream</name>
         <value>0x4824</value>
         <object_component_ref idref="oc-2a9"/>
      </symbol>
      <symbol id="sm-59a">
         <name>_device</name>
         <value>0x47ac</value>
         <object_component_ref idref="oc-2f2"/>
      </symbol>
      <symbol id="sm-5b0">
         <name>__aeabi_errno_addr</name>
         <value>0x4680</value>
         <object_component_ref idref="oc-17f"/>
      </symbol>
      <symbol id="sm-5b1">
         <name>errno</name>
         <value>0x48a0</value>
         <object_component_ref idref="oc-220"/>
      </symbol>
      <symbol id="sm-5c2">
         <name>__TI_doflush</name>
         <value>0x3bdc</value>
         <object_component_ref idref="oc-244"/>
      </symbol>
      <symbol id="sm-5d2">
         <name>__TI_cleanup</name>
         <value>0x423c</value>
         <object_component_ref idref="oc-2df"/>
      </symbol>
      <symbol id="sm-5e5">
         <name>fseek</name>
         <value>0x3358</value>
         <object_component_ref idref="oc-297"/>
      </symbol>
      <symbol id="sm-5ef">
         <name>copysign</name>
         <value>0x4670</value>
         <object_component_ref idref="oc-27b"/>
      </symbol>
      <symbol id="sm-5f0">
         <name>copysignl</name>
         <value>0x4670</value>
         <object_component_ref idref="oc-27b"/>
      </symbol>
      <symbol id="sm-5fa">
         <name>__aeabi_idiv0</name>
         <value>0x46b8</value>
         <object_component_ref idref="oc-25c"/>
      </symbol>
      <symbol id="sm-5fb">
         <name>__aeabi_ldiv0</name>
         <value>0x46b8</value>
         <object_component_ref idref="oc-25c"/>
      </symbol>
      <symbol id="sm-60d">
         <name>__aeabi_idivmod</name>
         <value>0x2d40</value>
         <object_component_ref idref="oc-267"/>
      </symbol>
      <symbol id="sm-60e">
         <name>__aeabi_idiv</name>
         <value>0x2d40</value>
         <object_component_ref idref="oc-267"/>
      </symbol>
      <symbol id="sm-61f">
         <name>HOSTclose</name>
         <value>0x3d74</value>
         <object_component_ref idref="oc-32e"/>
      </symbol>
      <symbol id="sm-630">
         <name>HOSTlseek</name>
         <value>0x329c</value>
         <object_component_ref idref="oc-340"/>
      </symbol>
      <symbol id="sm-642">
         <name>parmbuf</name>
         <value>0x4a64</value>
      </symbol>
      <symbol id="sm-643">
         <name>HOSTopen</name>
         <value>0x36d4</value>
         <object_component_ref idref="oc-328"/>
      </symbol>
      <symbol id="sm-654">
         <name>HOSTread</name>
         <value>0x38c8</value>
         <object_component_ref idref="oc-334"/>
      </symbol>
      <symbol id="sm-665">
         <name>HOSTrename</name>
         <value>0x3410</value>
         <object_component_ref idref="oc-34c"/>
      </symbol>
      <symbol id="sm-676">
         <name>HOSTunlink</name>
         <value>0x3f00</value>
         <object_component_ref idref="oc-346"/>
      </symbol>
      <symbol id="sm-687">
         <name>HOSTwrite</name>
         <value>0x3968</value>
         <object_component_ref idref="oc-33a"/>
      </symbol>
      <symbol id="sm-6ab">
         <name>__TI_readmsg</name>
         <value>0x4184</value>
         <object_component_ref idref="oc-37b"/>
      </symbol>
      <symbol id="sm-6ac">
         <name>C$$IO$$</name>
         <value>0x42dc</value>
         <object_component_ref idref="oc-375"/>
      </symbol>
      <symbol id="sm-6ad">
         <name>__CIOBUF_</name>
         <value>0x48a4</value>
         <object_component_ref idref="oc-3a6"/>
      </symbol>
      <symbol id="sm-6ae">
         <name>__TI_writemsg</name>
         <value>0x4294</value>
         <object_component_ref idref="oc-375"/>
      </symbol>
      <symbol id="sm-6c0">
         <name>lseek</name>
         <value>0x4344</value>
         <object_component_ref idref="oc-2cb"/>
      </symbol>
      <symbol id="sm-6d6">
         <name>__TI_closefile</name>
         <value>0x31d8</value>
         <object_component_ref idref="oc-31c"/>
      </symbol>
      <symbol id="sm-6f9">
         <name>finddevice</name>
         <value>0x42ec</value>
         <object_component_ref idref="oc-3c4"/>
      </symbol>
      <symbol id="sm-6fa">
         <name>getdevice</name>
         <value>0x3f80</value>
         <object_component_ref idref="oc-39c"/>
      </symbol>
      <symbol id="sm-708">
         <name>strcmp</name>
         <value>0x45b8</value>
         <object_component_ref idref="oc-3db"/>
      </symbol>
      <symbol id="sm-716">
         <name>strcpy</name>
         <value>0x4624</value>
         <object_component_ref idref="oc-38f"/>
      </symbol>
      <symbol id="sm-725">
         <name>strncpy</name>
         <value>0x43dc</value>
         <object_component_ref idref="oc-3be"/>
      </symbol>
      <symbol id="sm-73b">
         <name>close</name>
         <value>0x34c4</value>
         <object_component_ref idref="oc-364"/>
      </symbol>
      <symbol id="sm-74b">
         <name>unlink</name>
         <value>0x41e0</value>
         <object_component_ref idref="oc-36a"/>
      </symbol>
      <symbol id="sm-74c">
         <name>__TI_static_base__</name>
         <value>0x5b70</value>
      </symbol>
      <symbol id="sm-74f">
         <name>_system_post_cinit</name>
         <value>0x0</value>
      </symbol>
      <symbol id="sm-750">
         <name>remove</name>
         <value>0x41e0</value>
      </symbol>
   </symbol_table>
   <title>Link successful</title>
</link_info>
