******************************************************************************
                  TI ARM Linker PC v20.2.7                     
******************************************************************************
>> Linked Sat Mar 30 14:12:27 2024

OUTPUT FILE NAME:   <test.out>
ENTRY POINT SYMBOL: "_c_int00"  address: 00004464


MEMORY CONFIGURATION

         name            origin    length      used     unused   attr    fill
----------------------  --------  ---------  --------  --------  ----  --------
  RAM                   00000020   ffffffe0  00005bdd  ffffa403  RWIX


SEGMENT ALLOCATION MAP

run origin  load origin   length   init length attrs members
----------  ----------- ---------- ----------- ----- -------
00000020    00000020    0000469c   0000469c    r-x
  00000020    00000020    0000469c   0000469c    r-x .text
000046bc    000046bc    000003b0   00000000    rw-
  000046bc    000046bc    000001e8   00000000    rw- .data
  000048a4    000048a4    000001c8   00000000    rw- .bss
00004a6c    00004a6c    00000101   00000101    r--
  00004a6c    00004a6c    00000101   00000101    r-- .const
00004b70    00004b70    00001000   00000000    rw-
  00004b70    00004b70    00000800   00000000    rw- .stack
  00005370    00005370    00000800   00000000    rw- .sysmem
00005b70    00005b70    00000090   00000090    r--
  00005b70    00005b70    00000090   00000090    r-- .cinit


SECTION ALLOCATION MAP

 output                                  attributes/
section   page    origin      length       input sections
--------  ----  ----------  ----------   ----------------
.text      0    00000020    0000469c     
                  00000020    00001048     rtsv4_A_be_eabi.lib : _printfi.c.obj (.text:__TI_printfi)
                  00001068    0000035c                         : _printfi.c.obj (.text:_pconv_a)
                  000013c4    000002bc                         : ull_div32.asm.obj (.text)
                  00001680    000002b0                         : _printfi.c.obj (.text:_pconv_g)
                  00001930    00000234                         : fd_add32.asm.obj (.text)
                  00001b64    000001d0                         : fputs.c.obj (.text:fputs)
                  00001d34    000001b8                         : _printfi.c.obj (.text:_pconv_e)
                  00001eec    000001b0                         : _printfi.c.obj (.text:fcvt)
                  0000209c    000001a4                         : memory.c.obj (.text:aligned_alloc)
                  00002240    000001a4                         : fd_div32.asm.obj (.text)
                  000023e4    000001a0                         : memcpy32.asm.obj (.text)
                  00002584    00000190                         : memory.c.obj (.text:free)
                  00002714    00000178                         : setvbuf.c.obj (.text:setvbuf)
                  0000288c    00000144                         : s_scalbn.c.obj (.text:scalbn)
                  000029d0    0000013c                         : fd_mul32.asm.obj (.text)
                  00002b0c    0000011c                         : fputc.c.obj (.text:fputc)
                  00002c28    00000115                         : _printfi.c.obj (.text:_ltostr)
                  00002d3d    00000003     --HOLE-- [fill = 0]
                  00002d40    00000114                         : i_div32.asm.obj (.text)
                  00002e54    000000f0                         : u_div32.asm.obj (.text)
                  00002f44    000000e4                         : fd_cmp32.asm.obj (.text:__aeabi_cdcmple)
                  00003028    000000e4                         : fd_cmp32.asm.obj (.text:__aeabi_cdrcmple)
                  0000310c    000000cc                         : _printfi.c.obj (.text:_mcpy)
                  000031d8    000000c4                         : fclose.c.obj (.text:__TI_closefile)
                  0000329c    000000bc                         : hostlseek.c.obj (.text:HOSTlseek)
                  00003358    000000b8                         : fseek.c.obj (.text:fseek)
                  00003410    000000b4                         : hostrename.c.obj (.text:HOSTrename)
                  000034c4    000000b0                         : close.c.obj (.text:close)
                  00003574    000000b0                         : memset32.asm.obj (.text)
                  00003624    000000b0                         : memory.c.obj (.text:split)
                  000036d4    000000a8                         : hostopen.c.obj (.text:HOSTopen)
                  0000377c    000000a8                         : printf.c.obj (.text:printf)
                  00003824    000000a4                         : _io_perm.c.obj (.text:__TI_wrt_ok)
                  000038c8    000000a0                         : hostread.c.obj (.text:HOSTread)
                  00003968    000000a0                         : hostwrite.c.obj (.text:HOSTwrite)
                  00003a08    000000a0                         : _printfi.c.obj (.text:_ecpy)
                  00003aa8    000000a0                         : copy_decompress_lzss.c.obj (.text:decompress:lzss:__TI_decompress_lzss)
                  00003b48    00000094                         : exit.c.obj (.text:exit)
                  00003bdc    00000088                         : fflush.c.obj (.text:__TI_doflush)
                  00003c64    00000088                         : _printfi.c.obj (.text:_pconv_f)
                  00003cec    00000088                         : atoi.c.obj (.text:atoi)
                  00003d74    00000084                         : hostclose.c.obj (.text:HOSTclose)
                  00003df8    00000084                         : _ltoa.c.obj (.text:__TI_ltoa)
                  00003e7c    00000084                         : s_frexp.c.obj (.text:frexp)
                  00003f00    00000080                         : hostunlink.c.obj (.text:HOSTunlink)
                  00003f80    00000070                         : getdevice.c.obj (.text:getdevice)
                  00003ff0    00000068                         : autoinit.c.obj (.text:__TI_auto_init_nobinit_nopinit:__TI_auto_init_nobinit_nopinit)
                  00004058    00000068                         : fd_toi32.asm.obj (.text)
                  000040c0    00000064                         : _printfi.c.obj (.text:_fcpy)
                  00004124    00000060     main.obj (.text)
                  00004184    0000005c     rtsv4_A_be_eabi.lib : trgmsg.c.obj (.text:__TI_readmsg)
                  000041e0    0000005c                         : unlink.c.obj (.text:unlink)
                  0000423c    00000058                         : fopen.c.obj (.text:__TI_cleanup)
                  00004294    00000058                         : trgmsg.c.obj (.text:__TI_writemsg)
                  000042ec    00000058                         : getdevice.c.obj (.text:finddevice)
                  00004344    0000004c                         : lseek.c.obj (.text:lseek)
                  00004390    0000004c                         : write.c.obj (.text:write)
                  000043dc    00000048                         : strncpy.c.obj (.text:strncpy)
                  00004424    00000040                         : memory.c.obj (.text:free_list_insert)
                  00004464    0000003c                         : boot_non_cortex_m.asm.obj (.text)
                  000044a0    0000003c                         : i_tofd32.asm.obj (.text)
                  000044dc    00000030                         : memory.c.obj (.text:free_list_remove)
                  0000450c    00000030                         : memccpy.c.obj (.text:memccpy)
                  0000453c    0000002c                         : memchr.c.obj (.text:memchr)
                  00004568    00000028                         : copy_zero_init.c.obj (.text:decompress:ZI:__TI_zero_init_nomemset:__TI_zero_init_nomemset)
                  00004590    00000028                         : strchr.c.obj (.text:strchr)
                  000045b8    00000028                         : strcmp.c.obj (.text:strcmp)
                  000045e0    00000024                         : wcslen.c.obj (.text:wcslen)
                  00004604    00000020                         : args_main.c.obj (.text:_args_main)
                  00004624    0000001c                         : strcpy.c.obj (.text:strcpy)
                  00004640    0000001c                         : strlen.c.obj (.text:strlen)
                  0000465c    00000014                         : copy_decompress_none.c.obj (.text:decompress:none:__TI_decompress_none)
                  00004670    00000010                         : s_copysign.c.obj (.text:copysign)
                  00004680    0000000c                         : errno.c.obj (.text:__aeabi_errno_addr)
                  0000468c    0000000c                         : memory.c.obj (.text:malloc)
                  00004698    00000008                         : pre_init.c.obj (.text:_system_pre_init)
                  000046a0    00000008                         : exit.c.obj (.text:abort:abort)
                  000046a8    00000004                         : mpu_init.c.obj (.text:__mpu_init)
                  000046ac    00000004                         : _lock.c.obj (.text:_nop)
                  000046b0    00000004                         : printf.c.obj (.text:_outc)
                  000046b4    00000004                         : printf.c.obj (.text:_outs)
                  000046b8    00000004                         : div0.asm.obj (.text)

.data      0    000046bc    000001e8     UNINITIALIZED
                  000046bc    000000f0     rtsv4_A_be_eabi.lib : defs.c.obj (.data:_ftable)
                  000047ac    00000078                         : host_device.c.obj (.data:_device)
                  00004824    00000050                         : host_device.c.obj (.data:_stream)
                  00004874    00000010                         : defs.c.obj (.data)
                  00004884    0000000c                         : exit.c.obj (.data:$O1$$)
                  00004890    00000008                         : _lock.c.obj (.data:$O1$$)
                  00004898    00000008                         : memory.c.obj (.data:$O1$$)
                  000048a0    00000004                         : errno.c.obj (.data)

.bss       0    000048a4    000001c8     UNINITIALIZED
                  000048a4    00000120     rtsv4_A_be_eabi.lib : trgmsg.c.obj (.bss:_CIOBUF_)
                  000049c4    000000a0     (.common:__TI_tmpnams)
                  00004a64    00000008     (.common:parmbuf)

.const     0    00004a6c    00000101     
                  00004a6c    00000101     rtsv4_A_be_eabi.lib : ctype.c.obj (.const:.string:_ctypes_)

.cinit     0    00005b70    00000090     
                  00005b70    00000067     (.cinit..data.load) [load image, compression = lzss]
                  00005bd7    00000001     --HOLE-- [fill = 0]
                  00005bd8    0000000c     (__TI_handler_table)
                  00005be4    00000004     --HOLE-- [fill = 0]
                  00005be8    00000008     (.cinit..bss.load) [load image, compression = zero_init]
                  00005bf0    00000010     (__TI_cinit_table)

.init_array 
*          0    00000020    00000000     UNINITIALIZED

__llvm_prf_cnts 
*          0    00000020    00000000     UNINITIALIZED

.stack     0    00004b70    00000800     UNINITIALIZED
                  00004b70    00000800     --HOLE--

.sysmem    0    00005370    00000800     UNINITIALIZED
                  00005370    00000010     rtsv4_A_be_eabi.lib : memory.c.obj (.sysmem)
                  00005380    000007f0     --HOLE--

MODULE SUMMARY

       Module                       code    ro data   rw data
       ------                       ----    -------   -------
    .\
       main.obj                     96      0         0      
    +--+----------------------------+-------+---------+---------+
       Total:                       96      0         0      
                                                             
    C:\ti\ccs1250\ccs\tools\compiler\ti-cgt-arm_20.2.7.LTS\lib\rtsv4_A_be_eabi.lib
       _printfi.c.obj               7465    0         0      
       memory.c.obj                 1120    0         8      
       ull_div32.asm.obj            700     0         0      
       fd_add32.asm.obj             564     0         0      
       trgmsg.c.obj                 180     0         288    
       fputs.c.obj                  464     0         0      
       fd_cmp32.asm.obj             456     0         0      
       fd_div32.asm.obj             420     0         0      
       defs.c.obj                   0       0         416    
       memcpy32.asm.obj             416     0         0      
       setvbuf.c.obj                376     0         0      
       s_scalbn.c.obj               324     0         0      
       fd_mul32.asm.obj             316     0         0      
       fputc.c.obj                  284     0         0      
       i_div32.asm.obj              276     0         0      
       ctype.c.obj                  0       257       0      
       u_div32.asm.obj              240     0         0      
       getdevice.c.obj              200     0         0      
       host_device.c.obj            0       0         200    
       fclose.c.obj                 196     0         0      
       hostlseek.c.obj              188     0         0      
       fseek.c.obj                  184     0         0      
       hostrename.c.obj             180     0         0      
       close.c.obj                  176     0         0      
       hostopen.c.obj               168     0         8      
       memset32.asm.obj             176     0         0      
       printf.c.obj                 176     0         0      
       exit.c.obj                   156     0         12     
       _io_perm.c.obj               164     0         0      
       copy_decompress_lzss.c.obj   160     0         0      
       hostread.c.obj               160     0         0      
       hostwrite.c.obj              160     0         0      
       atoi.c.obj                   136     0         0      
       fflush.c.obj                 136     0         0      
       _ltoa.c.obj                  132     0         0      
       hostclose.c.obj              132     0         0      
       s_frexp.c.obj                132     0         0      
       hostunlink.c.obj             128     0         0      
       autoinit.c.obj               104     0         0      
       fd_toi32.asm.obj             104     0         0      
       unlink.c.obj                 92      0         0      
       fopen.c.obj                  88      0         0      
       lseek.c.obj                  76      0         0      
       write.c.obj                  76      0         0      
       strncpy.c.obj                72      0         0      
       boot_non_cortex_m.asm.obj    60      0         0      
       i_tofd32.asm.obj             60      0         0      
       memccpy.c.obj                48      0         0      
       memchr.c.obj                 44      0         0      
       copy_zero_init.c.obj         40      0         0      
       strchr.c.obj                 40      0         0      
       strcmp.c.obj                 40      0         0      
       wcslen.c.obj                 36      0         0      
       args_main.c.obj              32      0         0      
       strcpy.c.obj                 28      0         0      
       strlen.c.obj                 28      0         0      
       copy_decompress_none.c.obj   20      0         0      
       errno.c.obj                  12      0         4      
       s_copysign.c.obj             16      0         0      
       _lock.c.obj                  4       0         8      
       pre_init.c.obj               8       0         0      
       div0.asm.obj                 4       0         0      
       mpu_init.c.obj               4       0         0      
    +--+----------------------------+-------+---------+---------+
       Total:                       17977   257       944    
                                                             
       Heap:                        0       0         2048   
       Stack:                       0       0         2048   
       Linker Generated:            0       139       0      
    +--+----------------------------+-------+---------+---------+
       Grand Total:                 18073   396       5040   


LINKER GENERATED COPY TABLES

__TI_cinit_table @ 00005bf0 records: 2, size/record: 8, table size: 16
	.data: load addr=00005b70, load size=00000067 bytes, run addr=000046bc, run size=000001e8 bytes, compression=lzss
	.bss: load addr=00005be8, load size=00000008 bytes, run addr=000048a4, run size=000001c8 bytes, compression=zero_init


LINKER GENERATED HANDLER TABLE

__TI_handler_table @ 00005bd8 records: 3, size/record: 4, table size: 12
	index: 0, handler: __TI_decompress_lzss
	index: 1, handler: __TI_decompress_none
	index: 2, handler: __TI_zero_init


GLOBAL SYMBOLS: SORTED ALPHABETICALLY BY Name 

address   name                           
-------   ----                           
000046a0  C$$EXIT                        
000042dc  C$$IO$$                        
00003d74  HOSTclose                      
0000329c  HOSTlseek                      
000036d4  HOSTopen                       
000038c8  HOSTread                       
00003410  HOSTrename                     
00003f00  HOSTunlink                     
00003968  HOSTwrite                      
000048a4  __CIOBUF_                      
00005370  __STACK_END                    
00000800  __STACK_SIZE                   
00000800  __SYSMEM_SIZE                  
00005bf0  __TI_CINIT_Base                
00005c00  __TI_CINIT_Limit               
00005bd8  __TI_Handler_Table_Base        
00005be4  __TI_Handler_Table_Limit       
00003ff0  __TI_auto_init_nobinit_nopinit 
0000423c  __TI_cleanup                   
00004884  __TI_cleanup_ptr               
000031d8  __TI_closefile                 
00003aa8  __TI_decompress_lzss           
0000465c  __TI_decompress_none           
00003bdc  __TI_doflush                   
00004888  __TI_dtors_ptr                 
0000488c  __TI_enable_exit_profile_output
00004874  __TI_ft_end                    
00003df8  __TI_ltoa                      
ffffffff  __TI_pprof_out_hndl            
00000020  __TI_printfi                   
ffffffff  __TI_prof_data_size            
ffffffff  __TI_prof_data_start           
00004184  __TI_readmsg                   
00005b70  __TI_static_base__             
000049c4  __TI_tmpnams                   
00004294  __TI_writemsg                  
00003824  __TI_wrt_ok                    
00004568  __TI_zero_init_nomemset        
00002f44  __aeabi_cdcmpeq                
00002f44  __aeabi_cdcmple                
00003028  __aeabi_cdrcmple               
00004058  __aeabi_d2iz                   
0000193c  __aeabi_dadd                   
00002240  __aeabi_ddiv                   
000029d0  __aeabi_dmul                   
00001930  __aeabi_dsub                   
00004680  __aeabi_errno_addr             
000044a0  __aeabi_i2d                    
00002d40  __aeabi_idiv                   
000046b8  __aeabi_idiv0                  
00002d40  __aeabi_idivmod                
000046b8  __aeabi_ldiv0                  
00003574  __aeabi_memclr                 
00003574  __aeabi_memclr4                
00003574  __aeabi_memclr8                
000023e4  __aeabi_memcpy                 
000023e4  __aeabi_memcpy4                
000023e4  __aeabi_memcpy8                
00003578  __aeabi_memset                 
00003578  __aeabi_memset4                
00003578  __aeabi_memset8                
00004880  __aeabi_stderr                 
00004878  __aeabi_stdin                  
0000487c  __aeabi_stdout                 
00002e54  __aeabi_uidiv                  
00002e54  __aeabi_uidivmod               
000013c4  __aeabi_uldivmod               
ffffffff  __binit__                      
ffffffff  __c_args__                     
000046a8  __mpu_init                     
00004b70  __stack                        
00000020  __start___llvm_prf_cnts        
00000020  __stop___llvm_prf_cnts         
00004604  _args_main                     
00004464  _c_int00                       
00004a6c  _ctypes_                       
000047ac  _device                        
000046bc  _ftable                        
00004890  _lock                          
000046ac  _nop                           
00004824  _stream                        
00005370  _sys_memory                    
UNDEFED   _system_post_cinit             
00004698  _system_pre_init               
00004894  _unlock                        
000046a0  abort                          
0000209c  aligned_alloc                  
00003cec  atoi                           
ffffffff  binit                          
000034c4  close                          
00004670  copysign                       
00004670  copysignl                      
000048a0  errno                          
00003b48  exit                           
000042ec  finddevice                     
00002b0c  fputc                          
00001b64  fputs                          
00002584  free                           
00003e7c  frexp                          
00003e7c  frexpl                         
00003358  fseek                          
00003f80  getdevice                      
0000288c  ldexp                          
0000288c  ldexpl                         
00004344  lseek                          
00004144  main                           
0000468c  malloc                         
0000209c  memalign                       
0000450c  memccpy                        
0000453c  memchr                         
000023e4  memcpy                         
00003584  memset                         
00004a64  parmbuf                        
0000377c  printf                         
00002b0c  putc                           
000041e0  remove                         
0000288c  scalbn                         
0000288c  scalbnl                        
00002714  setvbuf                        
00004590  strchr                         
000045b8  strcmp                         
00004624  strcpy                         
00004640  strlen                         
000043dc  strncpy                        
00004124  sum                            
000041e0  unlink                         
000045e0  wcslen                         
00004390  write                          


GLOBAL SYMBOLS: SORTED BY Symbol Address 

address   name                           
-------   ----                           
00000020  __TI_printfi                   
00000020  __start___llvm_prf_cnts        
00000020  __stop___llvm_prf_cnts         
00000800  __STACK_SIZE                   
00000800  __SYSMEM_SIZE                  
000013c4  __aeabi_uldivmod               
00001930  __aeabi_dsub                   
0000193c  __aeabi_dadd                   
00001b64  fputs                          
0000209c  aligned_alloc                  
0000209c  memalign                       
00002240  __aeabi_ddiv                   
000023e4  __aeabi_memcpy                 
000023e4  __aeabi_memcpy4                
000023e4  __aeabi_memcpy8                
000023e4  memcpy                         
00002584  free                           
00002714  setvbuf                        
0000288c  ldexp                          
0000288c  ldexpl                         
0000288c  scalbn                         
0000288c  scalbnl                        
000029d0  __aeabi_dmul                   
00002b0c  fputc                          
00002b0c  putc                           
00002d40  __aeabi_idiv                   
00002d40  __aeabi_idivmod                
00002e54  __aeabi_uidiv                  
00002e54  __aeabi_uidivmod               
00002f44  __aeabi_cdcmpeq                
00002f44  __aeabi_cdcmple                
00003028  __aeabi_cdrcmple               
000031d8  __TI_closefile                 
0000329c  HOSTlseek                      
00003358  fseek                          
00003410  HOSTrename                     
000034c4  close                          
00003574  __aeabi_memclr                 
00003574  __aeabi_memclr4                
00003574  __aeabi_memclr8                
00003578  __aeabi_memset                 
00003578  __aeabi_memset4                
00003578  __aeabi_memset8                
00003584  memset                         
000036d4  HOSTopen                       
0000377c  printf                         
00003824  __TI_wrt_ok                    
000038c8  HOSTread                       
00003968  HOSTwrite                      
00003aa8  __TI_decompress_lzss           
00003b48  exit                           
00003bdc  __TI_doflush                   
00003cec  atoi                           
00003d74  HOSTclose                      
00003df8  __TI_ltoa                      
00003e7c  frexp                          
00003e7c  frexpl                         
00003f00  HOSTunlink                     
00003f80  getdevice                      
00003ff0  __TI_auto_init_nobinit_nopinit 
00004058  __aeabi_d2iz                   
00004124  sum                            
00004144  main                           
00004184  __TI_readmsg                   
000041e0  remove                         
000041e0  unlink                         
0000423c  __TI_cleanup                   
00004294  __TI_writemsg                  
000042dc  C$$IO$$                        
000042ec  finddevice                     
00004344  lseek                          
00004390  write                          
000043dc  strncpy                        
00004464  _c_int00                       
000044a0  __aeabi_i2d                    
0000450c  memccpy                        
0000453c  memchr                         
00004568  __TI_zero_init_nomemset        
00004590  strchr                         
000045b8  strcmp                         
000045e0  wcslen                         
00004604  _args_main                     
00004624  strcpy                         
00004640  strlen                         
0000465c  __TI_decompress_none           
00004670  copysign                       
00004670  copysignl                      
00004680  __aeabi_errno_addr             
0000468c  malloc                         
00004698  _system_pre_init               
000046a0  C$$EXIT                        
000046a0  abort                          
000046a8  __mpu_init                     
000046ac  _nop                           
000046b8  __aeabi_idiv0                  
000046b8  __aeabi_ldiv0                  
000046bc  _ftable                        
000047ac  _device                        
00004824  _stream                        
00004874  __TI_ft_end                    
00004878  __aeabi_stdin                  
0000487c  __aeabi_stdout                 
00004880  __aeabi_stderr                 
00004884  __TI_cleanup_ptr               
00004888  __TI_dtors_ptr                 
0000488c  __TI_enable_exit_profile_output
00004890  _lock                          
00004894  _unlock                        
000048a0  errno                          
000048a4  __CIOBUF_                      
000049c4  __TI_tmpnams                   
00004a64  parmbuf                        
00004a6c  _ctypes_                       
00004b70  __stack                        
00005370  __STACK_END                    
00005370  _sys_memory                    
00005b70  __TI_static_base__             
00005bd8  __TI_Handler_Table_Base        
00005be4  __TI_Handler_Table_Limit       
00005bf0  __TI_CINIT_Base                
00005c00  __TI_CINIT_Limit               
ffffffff  __TI_pprof_out_hndl            
ffffffff  __TI_prof_data_size            
ffffffff  __TI_prof_data_start           
ffffffff  __binit__                      
ffffffff  __c_args__                     
ffffffff  binit                          
UNDEFED   _system_post_cinit             

[128 symbols]
